Archive member included to satisfy reference by file (symbol)

/usr/lib/gcc/avr/7.3.0/avr35/libgcc.a(_mulhi3.o)
                              obj/HIDParser.o (__mulhi3)
/usr/lib/gcc/avr/7.3.0/avr35/libgcc.a(_exit.o)
                              /usr/lib/gcc/avr/7.3.0/../../../../avr/lib/avr35/crtatmega32u2.o (exit)
/usr/lib/gcc/avr/7.3.0/avr35/libgcc.a(_copy_data.o)
                              obj/UTR.o (__do_copy_data)
/usr/lib/gcc/avr/7.3.0/avr35/libgcc.a(_clear_bss.o)
                              obj/UTR.o (__do_clear_bss)
/usr/lib/gcc/avr/7.3.0/../../../../avr/lib/avr35/libc.a(memcpy_P.o)
                              obj/RNDISClassDevice.o (memcpy_P)
/usr/lib/gcc/avr/7.3.0/../../../../avr/lib/avr35/libc.a(strlen_P.o)
                              obj/CDCClassDevice.o (__strlen_P)
/usr/lib/gcc/avr/7.3.0/../../../../avr/lib/avr35/libc.a(memcmp.o)
                              obj/HIDClassDevice.o (memcmp)
/usr/lib/gcc/avr/7.3.0/../../../../avr/lib/avr35/libc.a(memcpy.o)
                              obj/HIDClassDevice.o (memcpy)
/usr/lib/gcc/avr/7.3.0/../../../../avr/lib/avr35/libc.a(memset.o)
                              obj/HIDClassDevice.o (memset)
/usr/lib/gcc/avr/7.3.0/../../../../avr/lib/avr35/libc.a(itoa.o)
                              obj/UTR.o (itoa)
/usr/lib/gcc/avr/7.3.0/../../../../avr/lib/avr35/libc.a(itoa_ncheck.o)
                              /usr/lib/gcc/avr/7.3.0/../../../../avr/lib/avr35/libc.a(itoa.o) (__itoa_ncheck)
/usr/lib/gcc/avr/7.3.0/../../../../avr/lib/avr35/libc.a(utoa_ncheck.o)
                              /usr/lib/gcc/avr/7.3.0/../../../../avr/lib/avr35/libc.a(itoa_ncheck.o) (__utoa_common)
/usr/lib/gcc/avr/7.3.0/../../../../avr/lib/avr35/libc.a(fputc.o)
                              obj/UTR.o (fputc)
/usr/lib/gcc/avr/7.3.0/../../../../avr/lib/avr35/libc.a(fputs.o)
                              obj/UTR.o (fputs)
/usr/lib/gcc/avr/7.3.0/../../../../avr/lib/avr35/libc.a(strrev.o)
                              /usr/lib/gcc/avr/7.3.0/../../../../avr/lib/avr35/libc.a(utoa_ncheck.o) (strrev)
/usr/lib/gcc/avr/7.3.0/../../../../avr/lib/avr35/libatmega32u2.a(eerd_byte.o)
                              obj/EndpointStream_AVR8.o (eeprom_read_byte)
/usr/lib/gcc/avr/7.3.0/../../../../avr/lib/avr35/libatmega32u2.a(eeupd_byte.o)
                              obj/EndpointStream_AVR8.o (eeprom_update_byte)
/usr/lib/gcc/avr/7.3.0/avr35/libgcc.a(_epilogue.o)
                              /usr/lib/gcc/avr/7.3.0/../../../../avr/lib/avr35/libc.a(fputs.o) (__epilogue_restores__)

Allocating common symbols
Common symbol       size              file

USB_IsInitialized   0x1               obj/USBTask.o
USB_DeviceState     0x1               obj/USBTask.o
USB_Device_ConfigurationNumber
                    0x1               obj/DeviceStandardReq.o
USB_Device_CurrentlySelfPowered
                    0x1               obj/DeviceStandardReq.o
USB_ControlRequest  0x8               obj/USBTask.o
USB_Device_RemoteWakeupEnabled
                    0x1               obj/DeviceStandardReq.o

Discarded input sections

 .data          0x0000000000000000        0x0 /usr/lib/gcc/avr/7.3.0/../../../../avr/lib/avr35/crtatmega32u2.o
 .bss           0x0000000000000000        0x0 /usr/lib/gcc/avr/7.3.0/../../../../avr/lib/avr35/crtatmega32u2.o
 .text          0x0000000000000000        0x0 obj/UTR.o
 .text.transferData
                0x0000000000000000        0x2 obj/UTR.o
 .text.sendSerial
                0x0000000000000000       0x22 obj/UTR.o
 .text.SPI_RW_A16_R8
                0x0000000000000000       0x32 obj/UTR.o
 .text.lufaPrintInt
                0x0000000000000000       0x5e obj/UTR.o
 .text          0x0000000000000000        0x0 obj/Descriptors.o
 .data          0x0000000000000000        0x0 obj/Descriptors.o
 .bss           0x0000000000000000        0x0 obj/Descriptors.o
 .text          0x0000000000000000        0x0 obj/HIDParser.o
 .data          0x0000000000000000        0x0 obj/HIDParser.o
 .bss           0x0000000000000000        0x0 obj/HIDParser.o
 .text.USB_ProcessHIDReport
                0x0000000000000000      0x6e2 obj/HIDParser.o
 .text.USB_GetHIDReportItemInfo
                0x0000000000000000       0xbc obj/HIDParser.o
 .text.USB_SetHIDReportItemInfo
                0x0000000000000000       0xb2 obj/HIDParser.o
 .text.USB_GetHIDReportSize
                0x0000000000000000       0x56 obj/HIDParser.o
 .debug_info    0x0000000000000000      0x728 obj/HIDParser.o
 .debug_abbrev  0x0000000000000000      0x220 obj/HIDParser.o
 .debug_loc     0x0000000000000000      0xb63 obj/HIDParser.o
 .debug_aranges
                0x0000000000000000       0x38 obj/HIDParser.o
 .debug_ranges  0x0000000000000000      0x110 obj/HIDParser.o
 .debug_line    0x0000000000000000      0x56d obj/HIDParser.o
 .debug_str     0x0000000000000000      0x6c7 obj/HIDParser.o
 .comment       0x0000000000000000       0x12 obj/HIDParser.o
 .debug_frame   0x0000000000000000      0x114 obj/HIDParser.o
 .text          0x0000000000000000        0x0 obj/Device_AVR8.o
 .data          0x0000000000000000        0x0 obj/Device_AVR8.o
 .bss           0x0000000000000000        0x0 obj/Device_AVR8.o
 .text.USB_Device_SendRemoteWakeup
                0x0000000000000000       0x2a obj/Device_AVR8.o
 .debug_info    0x0000000000000000      0x18c obj/Device_AVR8.o
 .debug_abbrev  0x0000000000000000       0xb6 obj/Device_AVR8.o
 .debug_aranges
                0x0000000000000000       0x20 obj/Device_AVR8.o
 .debug_ranges  0x0000000000000000       0x10 obj/Device_AVR8.o
 .debug_line    0x0000000000000000      0x15d obj/Device_AVR8.o
 .debug_str     0x0000000000000000      0x2e1 obj/Device_AVR8.o
 .comment       0x0000000000000000       0x12 obj/Device_AVR8.o
 .debug_frame   0x0000000000000000       0x24 obj/Device_AVR8.o
 .text          0x0000000000000000        0x0 obj/EndpointStream_AVR8.o
 .data          0x0000000000000000        0x0 obj/EndpointStream_AVR8.o
 .bss           0x0000000000000000        0x0 obj/EndpointStream_AVR8.o
 .text.Endpoint_Discard_Stream
                0x0000000000000000       0x8a obj/EndpointStream_AVR8.o
 .text.Endpoint_Null_Stream
                0x0000000000000000       0x8a obj/EndpointStream_AVR8.o
 .text.Endpoint_Write_Stream_LE
                0x0000000000000000       0x9e obj/EndpointStream_AVR8.o
 .text.Endpoint_Write_Stream_BE
                0x0000000000000000       0xa8 obj/EndpointStream_AVR8.o
 .text.Endpoint_Read_Stream_LE
                0x0000000000000000       0x9e obj/EndpointStream_AVR8.o
 .text.Endpoint_Read_Stream_BE
                0x0000000000000000       0xa8 obj/EndpointStream_AVR8.o
 .text.Endpoint_Write_PStream_LE
                0x0000000000000000       0xa0 obj/EndpointStream_AVR8.o
 .text.Endpoint_Write_PStream_BE
                0x0000000000000000       0xaa obj/EndpointStream_AVR8.o
 .text.Endpoint_Write_EStream_LE
                0x0000000000000000       0xa2 obj/EndpointStream_AVR8.o
 .text.Endpoint_Write_EStream_BE
                0x0000000000000000       0xac obj/EndpointStream_AVR8.o
 .text.Endpoint_Read_EStream_LE
                0x0000000000000000       0xa2 obj/EndpointStream_AVR8.o
 .text.Endpoint_Read_EStream_BE
                0x0000000000000000       0xac obj/EndpointStream_AVR8.o
 .text.Endpoint_Write_Control_Stream_BE
                0x0000000000000000       0xc4 obj/EndpointStream_AVR8.o
 .text.Endpoint_Read_Control_Stream_LE
                0x0000000000000000       0x6e obj/EndpointStream_AVR8.o
 .text.Endpoint_Read_Control_Stream_BE
                0x0000000000000000       0x7a obj/EndpointStream_AVR8.o
 .text.Endpoint_Write_Control_PStream_BE
                0x0000000000000000       0xc0 obj/EndpointStream_AVR8.o
 .text.Endpoint_Write_Control_EStream_LE
                0x0000000000000000       0xd8 obj/EndpointStream_AVR8.o
 .text.Endpoint_Write_Control_EStream_BE
                0x0000000000000000       0xe6 obj/EndpointStream_AVR8.o
 .text.Endpoint_Read_Control_EStream_LE
                0x0000000000000000       0x82 obj/EndpointStream_AVR8.o
 .text.Endpoint_Read_Control_EStream_BE
                0x0000000000000000       0x8a obj/EndpointStream_AVR8.o
 .text          0x0000000000000000        0x0 obj/Endpoint_AVR8.o
 .data          0x0000000000000000        0x0 obj/Endpoint_AVR8.o
 .bss           0x0000000000000000        0x0 obj/Endpoint_AVR8.o
 .text.Endpoint_ClearEndpoints
                0x0000000000000000       0x28 obj/Endpoint_AVR8.o
 .text          0x0000000000000000        0x0 obj/Host_AVR8.o
 .data          0x0000000000000000        0x0 obj/Host_AVR8.o
 .bss           0x0000000000000000        0x0 obj/Host_AVR8.o
 .debug_info    0x0000000000000000       0x56 obj/Host_AVR8.o
 .debug_abbrev  0x0000000000000000       0x26 obj/Host_AVR8.o
 .debug_aranges
                0x0000000000000000       0x18 obj/Host_AVR8.o
 .debug_line    0x0000000000000000       0x1d obj/Host_AVR8.o
 .debug_str     0x0000000000000000      0x1ab obj/Host_AVR8.o
 .comment       0x0000000000000000       0x12 obj/Host_AVR8.o
 .text          0x0000000000000000        0x0 obj/PipeStream_AVR8.o
 .data          0x0000000000000000        0x0 obj/PipeStream_AVR8.o
 .bss           0x0000000000000000        0x0 obj/PipeStream_AVR8.o
 .debug_info    0x0000000000000000       0x56 obj/PipeStream_AVR8.o
 .debug_abbrev  0x0000000000000000       0x26 obj/PipeStream_AVR8.o
 .debug_aranges
                0x0000000000000000       0x18 obj/PipeStream_AVR8.o
 .debug_line    0x0000000000000000       0x1d obj/PipeStream_AVR8.o
 .debug_str     0x0000000000000000      0x1b1 obj/PipeStream_AVR8.o
 .comment       0x0000000000000000       0x12 obj/PipeStream_AVR8.o
 .text          0x0000000000000000        0x0 obj/Pipe_AVR8.o
 .data          0x0000000000000000        0x0 obj/Pipe_AVR8.o
 .bss           0x0000000000000000        0x0 obj/Pipe_AVR8.o
 .debug_info    0x0000000000000000       0x56 obj/Pipe_AVR8.o
 .debug_abbrev  0x0000000000000000       0x26 obj/Pipe_AVR8.o
 .debug_aranges
                0x0000000000000000       0x18 obj/Pipe_AVR8.o
 .debug_line    0x0000000000000000       0x1d obj/Pipe_AVR8.o
 .debug_str     0x0000000000000000      0x1ab obj/Pipe_AVR8.o
 .comment       0x0000000000000000       0x12 obj/Pipe_AVR8.o
 .text          0x0000000000000000        0x0 obj/USBController_AVR8.o
 .data          0x0000000000000000        0x0 obj/USBController_AVR8.o
 .bss           0x0000000000000000        0x0 obj/USBController_AVR8.o
 .text.USB_Disable
                0x0000000000000000       0x2e obj/USBController_AVR8.o
 .text          0x0000000000000000        0x0 obj/USBInterrupt_AVR8.o
 .data          0x0000000000000000        0x0 obj/USBInterrupt_AVR8.o
 .bss           0x0000000000000000        0x0 obj/USBInterrupt_AVR8.o
 .text          0x0000000000000000        0x0 obj/ConfigDescriptors.o
 .data          0x0000000000000000        0x0 obj/ConfigDescriptors.o
 .bss           0x0000000000000000        0x0 obj/ConfigDescriptors.o
 .text.USB_GetNextDescriptor
                0x0000000000000000       0x3c obj/ConfigDescriptors.o
 .text.USB_GetNextDescriptorOfType
                0x0000000000000000       0x38 obj/ConfigDescriptors.o
 .text.USB_GetNextDescriptorOfTypeBefore
                0x0000000000000000       0x46 obj/ConfigDescriptors.o
 .text.USB_GetNextDescriptorOfTypeAfter
                0x0000000000000000       0x3e obj/ConfigDescriptors.o
 .text.USB_GetNextDescriptorComp
                0x0000000000000000       0x66 obj/ConfigDescriptors.o
 .debug_info    0x0000000000000000      0x492 obj/ConfigDescriptors.o
 .debug_abbrev  0x0000000000000000      0x1b9 obj/ConfigDescriptors.o
 .debug_loc     0x0000000000000000      0x59f obj/ConfigDescriptors.o
 .debug_aranges
                0x0000000000000000       0x40 obj/ConfigDescriptors.o
 .debug_ranges  0x0000000000000000       0x30 obj/ConfigDescriptors.o
 .debug_line    0x0000000000000000      0x208 obj/ConfigDescriptors.o
 .debug_str     0x0000000000000000      0x4e3 obj/ConfigDescriptors.o
 .comment       0x0000000000000000       0x12 obj/ConfigDescriptors.o
 .debug_frame   0x0000000000000000       0xfc obj/ConfigDescriptors.o
 .text          0x0000000000000000        0x0 obj/DeviceStandardReq.o
 .data          0x0000000000000000        0x0 obj/DeviceStandardReq.o
 .bss           0x0000000000000000        0x0 obj/DeviceStandardReq.o
 .text          0x0000000000000000        0x0 obj/Events.o
 .data          0x0000000000000000        0x0 obj/Events.o
 .bss           0x0000000000000000        0x0 obj/Events.o
 .text          0x0000000000000000        0x0 obj/HostStandardReq.o
 .data          0x0000000000000000        0x0 obj/HostStandardReq.o
 .bss           0x0000000000000000        0x0 obj/HostStandardReq.o
 .debug_info    0x0000000000000000       0x56 obj/HostStandardReq.o
 .debug_abbrev  0x0000000000000000       0x26 obj/HostStandardReq.o
 .debug_aranges
                0x0000000000000000       0x18 obj/HostStandardReq.o
 .debug_line    0x0000000000000000       0x1d obj/HostStandardReq.o
 .debug_str     0x0000000000000000      0x1ac obj/HostStandardReq.o
 .comment       0x0000000000000000       0x12 obj/HostStandardReq.o
 .text          0x0000000000000000        0x0 obj/USBTask.o
 .data          0x0000000000000000        0x0 obj/USBTask.o
 .bss           0x0000000000000000        0x0 obj/USBTask.o
 .text          0x0000000000000000        0x0 obj/AudioClassDevice.o
 .data          0x0000000000000000        0x0 obj/AudioClassDevice.o
 .bss           0x0000000000000000        0x0 obj/AudioClassDevice.o
 .text.Audio_Device_ConfigureEndpoints
                0x0000000000000000       0x32 obj/AudioClassDevice.o
 .text.Audio_Device_Event_Stub
                0x0000000000000000        0x2 obj/AudioClassDevice.o
 .text.Audio_Device_ProcessControlRequest
                0x0000000000000000      0x2e0 obj/AudioClassDevice.o
 .debug_info    0x0000000000000000      0x8eb obj/AudioClassDevice.o
 .debug_abbrev  0x0000000000000000      0x251 obj/AudioClassDevice.o
 .debug_loc     0x0000000000000000      0x311 obj/AudioClassDevice.o
 .debug_aranges
                0x0000000000000000       0x30 obj/AudioClassDevice.o
 .debug_ranges  0x0000000000000000       0x58 obj/AudioClassDevice.o
 .debug_line    0x0000000000000000      0x43e obj/AudioClassDevice.o
 .debug_str     0x0000000000000000      0x770 obj/AudioClassDevice.o
 .comment       0x0000000000000000       0x12 obj/AudioClassDevice.o
 .debug_frame   0x0000000000000000       0xa8 obj/AudioClassDevice.o
 .text          0x0000000000000000        0x0 obj/CDCClassDevice.o
 .data          0x0000000000000000        0x0 obj/CDCClassDevice.o
 .bss           0x0000000000000000        0x0 obj/CDCClassDevice.o
 .text.CDC_Device_SendString
                0x0000000000000000       0x42 obj/CDCClassDevice.o
 .text.CDC_Device_SendString_P
                0x0000000000000000       0x46 obj/CDCClassDevice.o
 .text.CDC_Device_SendData
                0x0000000000000000       0x34 obj/CDCClassDevice.o
 .text.CDC_Device_SendData_P
                0x0000000000000000       0x34 obj/CDCClassDevice.o
 .text.CDC_Device_BytesReceived
                0x0000000000000000       0x4c obj/CDCClassDevice.o
 .text.CDC_Device_getchar_Blocking
                0x0000000000000000       0x34 obj/CDCClassDevice.o
 .rodata        0x0000000000000000        0x8 obj/CDCClassDevice.o
 .text.CDC_Device_SendControlLineStateChange
                0x0000000000000000       0x8e obj/CDCClassDevice.o
 .text.CDC_Device_CreateBlockingStream
                0x0000000000000000       0x26 obj/CDCClassDevice.o
 .text          0x0000000000000000        0x0 obj/HIDClassDevice.o
 .data          0x0000000000000000        0x0 obj/HIDClassDevice.o
 .bss           0x0000000000000000        0x0 obj/HIDClassDevice.o
 .text.HID_Device_ProcessControlRequest
                0x0000000000000000      0x274 obj/HIDClassDevice.o
 .text.HID_Device_ConfigureEndpoints
                0x0000000000000000       0x28 obj/HIDClassDevice.o
 .text.HID_Device_USBTask
                0x0000000000000000      0x17a obj/HIDClassDevice.o
 .debug_info    0x0000000000000000      0x9f5 obj/HIDClassDevice.o
 .debug_abbrev  0x0000000000000000      0x28e obj/HIDClassDevice.o
 .debug_loc     0x0000000000000000      0x3ea obj/HIDClassDevice.o
 .debug_aranges
                0x0000000000000000       0x30 obj/HIDClassDevice.o
 .debug_ranges  0x0000000000000000       0x38 obj/HIDClassDevice.o
 .debug_line    0x0000000000000000      0x525 obj/HIDClassDevice.o
 .debug_str     0x0000000000000000      0x7dd obj/HIDClassDevice.o
 .comment       0x0000000000000000       0x12 obj/HIDClassDevice.o
 .debug_frame   0x0000000000000000       0xe4 obj/HIDClassDevice.o
 .text          0x0000000000000000        0x0 obj/MassStorageClassDevice.o
 .data          0x0000000000000000        0x0 obj/MassStorageClassDevice.o
 .bss           0x0000000000000000        0x0 obj/MassStorageClassDevice.o
 .text.MS_Device_ProcessControlRequest
                0x0000000000000000       0x7e obj/MassStorageClassDevice.o
 .text.MS_Device_ConfigureEndpoints
                0x0000000000000000       0x3e obj/MassStorageClassDevice.o
 .text.MS_Device_USBTask
                0x0000000000000000      0x23a obj/MassStorageClassDevice.o
 .debug_info    0x0000000000000000      0xa09 obj/MassStorageClassDevice.o
 .debug_abbrev  0x0000000000000000      0x2c9 obj/MassStorageClassDevice.o
 .debug_loc     0x0000000000000000      0x2e3 obj/MassStorageClassDevice.o
 .debug_aranges
                0x0000000000000000       0x30 obj/MassStorageClassDevice.o
 .debug_ranges  0x0000000000000000       0x70 obj/MassStorageClassDevice.o
 .debug_line    0x0000000000000000      0x49a obj/MassStorageClassDevice.o
 .debug_str     0x0000000000000000      0x8bc obj/MassStorageClassDevice.o
 .comment       0x0000000000000000       0x12 obj/MassStorageClassDevice.o
 .debug_frame   0x0000000000000000       0x80 obj/MassStorageClassDevice.o
 .text          0x0000000000000000        0x0 obj/MIDIClassDevice.o
 .data          0x0000000000000000        0x0 obj/MIDIClassDevice.o
 .bss           0x0000000000000000        0x0 obj/MIDIClassDevice.o
 .text.MIDI_Device_ConfigureEndpoints
                0x0000000000000000       0x32 obj/MIDIClassDevice.o
 .text.MIDI_Device_SendEventPacket
                0x0000000000000000       0x3e obj/MIDIClassDevice.o
 .text.MIDI_Device_Flush
                0x0000000000000000       0x30 obj/MIDIClassDevice.o
 .text.MIDI_Device_USBTask
                0x0000000000000000       0x22 obj/MIDIClassDevice.o
 .text.MIDI_Device_ReceiveEventPacket
                0x0000000000000000       0x4c obj/MIDIClassDevice.o
 .debug_info    0x0000000000000000      0x74f obj/MIDIClassDevice.o
 .debug_abbrev  0x0000000000000000      0x282 obj/MIDIClassDevice.o
 .debug_loc     0x0000000000000000      0x2e6 obj/MIDIClassDevice.o
 .debug_aranges
                0x0000000000000000       0x40 obj/MIDIClassDevice.o
 .debug_ranges  0x0000000000000000       0x30 obj/MIDIClassDevice.o
 .debug_line    0x0000000000000000      0x39a obj/MIDIClassDevice.o
 .debug_str     0x0000000000000000      0x786 obj/MIDIClassDevice.o
 .comment       0x0000000000000000       0x12 obj/MIDIClassDevice.o
 .debug_frame   0x0000000000000000       0x70 obj/MIDIClassDevice.o
 .text          0x0000000000000000        0x0 obj/PrinterClassDevice.o
 .data          0x0000000000000000        0x0 obj/PrinterClassDevice.o
 .bss           0x0000000000000000        0x0 obj/PrinterClassDevice.o
 .text.PRNT_Device_ConfigureEndpoints
                0x0000000000000000       0x38 obj/PrinterClassDevice.o
 .text.PRNT_Device_SendString
                0x0000000000000000       0x32 obj/PrinterClassDevice.o
 .text.PRNT_Device_SendData
                0x0000000000000000       0x24 obj/PrinterClassDevice.o
 .text.PRNT_Device_SendByte
                0x0000000000000000       0x40 obj/PrinterClassDevice.o
 .text.PRNT_Device_putchar
                0x0000000000000000       0x22 obj/PrinterClassDevice.o
 .text.PRNT_Device_Flush
                0x0000000000000000       0x48 obj/PrinterClassDevice.o
 .text.PRNT_Device_USBTask
                0x0000000000000000       0x9c obj/PrinterClassDevice.o
 .text.PRNT_Device_BytesReceived
                0x0000000000000000       0x3c obj/PrinterClassDevice.o
 .text.PRNT_Device_ReceiveByte
                0x0000000000000000       0x48 obj/PrinterClassDevice.o
 .text.PRNT_Device_getchar
                0x0000000000000000       0x14 obj/PrinterClassDevice.o
 .text.PRNT_Device_getchar_Blocking
                0x0000000000000000       0x34 obj/PrinterClassDevice.o
 .text.PRNT_Device_CreateStream
                0x0000000000000000       0x26 obj/PrinterClassDevice.o
 .text.PRNT_Device_CreateBlockingStream
                0x0000000000000000       0x26 obj/PrinterClassDevice.o
 .text.PRNT_Device_Event_Stub
                0x0000000000000000        0x2 obj/PrinterClassDevice.o
 .text.PRNT_Device_ProcessControlRequest
                0x0000000000000000       0xd8 obj/PrinterClassDevice.o
 .debug_info    0x0000000000000000      0xcfb obj/PrinterClassDevice.o
 .debug_abbrev  0x0000000000000000      0x347 obj/PrinterClassDevice.o
 .debug_loc     0x0000000000000000      0x847 obj/PrinterClassDevice.o
 .debug_aranges
                0x0000000000000000       0x90 obj/PrinterClassDevice.o
 .debug_ranges  0x0000000000000000       0x98 obj/PrinterClassDevice.o
 .debug_line    0x0000000000000000      0x6a3 obj/PrinterClassDevice.o
 .debug_str     0x0000000000000000      0x9e1 obj/PrinterClassDevice.o
 .comment       0x0000000000000000       0x12 obj/PrinterClassDevice.o
 .debug_frame   0x0000000000000000      0x13c obj/PrinterClassDevice.o
 .text          0x0000000000000000        0x0 obj/RNDISClassDevice.o
 .data          0x0000000000000000        0x0 obj/RNDISClassDevice.o
 .bss           0x0000000000000000        0x0 obj/RNDISClassDevice.o
 .text.RNDIS_Device_ProcessControlRequest
                0x0000000000000000      0x4ee obj/RNDISClassDevice.o
 .text.RNDIS_Device_ConfigureEndpoints
                0x0000000000000000       0x62 obj/RNDISClassDevice.o
 .rodata        0x0000000000000000        0x8 obj/RNDISClassDevice.o
 .text.RNDIS_Device_USBTask
                0x0000000000000000       0x80 obj/RNDISClassDevice.o
 .text.RNDIS_Device_IsPacketReceived
                0x0000000000000000       0x28 obj/RNDISClassDevice.o
 .text.RNDIS_Device_ReadPacket
                0x0000000000000000       0xb6 obj/RNDISClassDevice.o
 .text.RNDIS_Device_SendPacket
                0x0000000000000000       0xe2 obj/RNDISClassDevice.o
 .progmem.data  0x0000000000000000       0x6c obj/RNDISClassDevice.o
 .debug_info    0x0000000000000000     0x11c8 obj/RNDISClassDevice.o
 .debug_abbrev  0x0000000000000000      0x395 obj/RNDISClassDevice.o
 .debug_loc     0x0000000000000000      0xeb6 obj/RNDISClassDevice.o
 .debug_aranges
                0x0000000000000000       0x48 obj/RNDISClassDevice.o
 .debug_ranges  0x0000000000000000       0x88 obj/RNDISClassDevice.o
 .debug_line    0x0000000000000000      0x6a6 obj/RNDISClassDevice.o
 .debug_str     0x0000000000000000      0xe3c obj/RNDISClassDevice.o
 .comment       0x0000000000000000       0x12 obj/RNDISClassDevice.o
 .debug_frame   0x0000000000000000      0x114 obj/RNDISClassDevice.o
 .text          0x0000000000000000        0x0 obj/AndroidAccessoryClassHost.o
 .data          0x0000000000000000        0x0 obj/AndroidAccessoryClassHost.o
 .bss           0x0000000000000000        0x0 obj/AndroidAccessoryClassHost.o
 .debug_info    0x0000000000000000       0x56 obj/AndroidAccessoryClassHost.o
 .debug_abbrev  0x0000000000000000       0x26 obj/AndroidAccessoryClassHost.o
 .debug_aranges
                0x0000000000000000       0x18 obj/AndroidAccessoryClassHost.o
 .debug_line    0x0000000000000000       0x1d obj/AndroidAccessoryClassHost.o
 .debug_str     0x0000000000000000      0x1bc obj/AndroidAccessoryClassHost.o
 .comment       0x0000000000000000       0x12 obj/AndroidAccessoryClassHost.o
 .text          0x0000000000000000        0x0 obj/AudioClassHost.o
 .data          0x0000000000000000        0x0 obj/AudioClassHost.o
 .bss           0x0000000000000000        0x0 obj/AudioClassHost.o
 .debug_info    0x0000000000000000       0x56 obj/AudioClassHost.o
 .debug_abbrev  0x0000000000000000       0x26 obj/AudioClassHost.o
 .debug_aranges
                0x0000000000000000       0x18 obj/AudioClassHost.o
 .debug_line    0x0000000000000000       0x1d obj/AudioClassHost.o
 .debug_str     0x0000000000000000      0x1b1 obj/AudioClassHost.o
 .comment       0x0000000000000000       0x12 obj/AudioClassHost.o
 .text          0x0000000000000000        0x0 obj/CDCClassHost.o
 .data          0x0000000000000000        0x0 obj/CDCClassHost.o
 .bss           0x0000000000000000        0x0 obj/CDCClassHost.o
 .debug_info    0x0000000000000000       0x56 obj/CDCClassHost.o
 .debug_abbrev  0x0000000000000000       0x26 obj/CDCClassHost.o
 .debug_aranges
                0x0000000000000000       0x18 obj/CDCClassHost.o
 .debug_line    0x0000000000000000       0x1d obj/CDCClassHost.o
 .debug_str     0x0000000000000000      0x1af obj/CDCClassHost.o
 .comment       0x0000000000000000       0x12 obj/CDCClassHost.o
 .text          0x0000000000000000        0x0 obj/HIDClassHost.o
 .data          0x0000000000000000        0x0 obj/HIDClassHost.o
 .bss           0x0000000000000000        0x0 obj/HIDClassHost.o
 .debug_info    0x0000000000000000       0x56 obj/HIDClassHost.o
 .debug_abbrev  0x0000000000000000       0x26 obj/HIDClassHost.o
 .debug_aranges
                0x0000000000000000       0x18 obj/HIDClassHost.o
 .debug_line    0x0000000000000000       0x1d obj/HIDClassHost.o
 .debug_str     0x0000000000000000      0x1af obj/HIDClassHost.o
 .comment       0x0000000000000000       0x12 obj/HIDClassHost.o
 .text          0x0000000000000000        0x0 obj/MassStorageClassHost.o
 .data          0x0000000000000000        0x0 obj/MassStorageClassHost.o
 .bss           0x0000000000000000        0x0 obj/MassStorageClassHost.o
 .debug_info    0x0000000000000000       0x56 obj/MassStorageClassHost.o
 .debug_abbrev  0x0000000000000000       0x26 obj/MassStorageClassHost.o
 .debug_aranges
                0x0000000000000000       0x18 obj/MassStorageClassHost.o
 .debug_line    0x0000000000000000       0x1d obj/MassStorageClassHost.o
 .debug_str     0x0000000000000000      0x1b7 obj/MassStorageClassHost.o
 .comment       0x0000000000000000       0x12 obj/MassStorageClassHost.o
 .text          0x0000000000000000        0x0 obj/MIDIClassHost.o
 .data          0x0000000000000000        0x0 obj/MIDIClassHost.o
 .bss           0x0000000000000000        0x0 obj/MIDIClassHost.o
 .debug_info    0x0000000000000000       0x56 obj/MIDIClassHost.o
 .debug_abbrev  0x0000000000000000       0x26 obj/MIDIClassHost.o
 .debug_aranges
                0x0000000000000000       0x18 obj/MIDIClassHost.o
 .debug_line    0x0000000000000000       0x1d obj/MIDIClassHost.o
 .debug_str     0x0000000000000000      0x1b0 obj/MIDIClassHost.o
 .comment       0x0000000000000000       0x12 obj/MIDIClassHost.o
 .text          0x0000000000000000        0x0 obj/PrinterClassHost.o
 .data          0x0000000000000000        0x0 obj/PrinterClassHost.o
 .bss           0x0000000000000000        0x0 obj/PrinterClassHost.o
 .debug_info    0x0000000000000000       0x56 obj/PrinterClassHost.o
 .debug_abbrev  0x0000000000000000       0x26 obj/PrinterClassHost.o
 .debug_aranges
                0x0000000000000000       0x18 obj/PrinterClassHost.o
 .debug_line    0x0000000000000000       0x1d obj/PrinterClassHost.o
 .debug_str     0x0000000000000000      0x1b3 obj/PrinterClassHost.o
 .comment       0x0000000000000000       0x12 obj/PrinterClassHost.o
 .text          0x0000000000000000        0x0 obj/RNDISClassHost.o
 .data          0x0000000000000000        0x0 obj/RNDISClassHost.o
 .bss           0x0000000000000000        0x0 obj/RNDISClassHost.o
 .debug_info    0x0000000000000000       0x56 obj/RNDISClassHost.o
 .debug_abbrev  0x0000000000000000       0x26 obj/RNDISClassHost.o
 .debug_aranges
                0x0000000000000000       0x18 obj/RNDISClassHost.o
 .debug_line    0x0000000000000000       0x1d obj/RNDISClassHost.o
 .debug_str     0x0000000000000000      0x1b1 obj/RNDISClassHost.o
 .comment       0x0000000000000000       0x12 obj/RNDISClassHost.o
 .text          0x0000000000000000        0x0 obj/StillImageClassHost.o
 .data          0x0000000000000000        0x0 obj/StillImageClassHost.o
 .bss           0x0000000000000000        0x0 obj/StillImageClassHost.o
 .debug_info    0x0000000000000000       0x56 obj/StillImageClassHost.o
 .debug_abbrev  0x0000000000000000       0x26 obj/StillImageClassHost.o
 .debug_aranges
                0x0000000000000000       0x18 obj/StillImageClassHost.o
 .debug_line    0x0000000000000000       0x1d obj/StillImageClassHost.o
 .debug_str     0x0000000000000000      0x1b6 obj/StillImageClassHost.o
 .comment       0x0000000000000000       0x12 obj/StillImageClassHost.o
 .text          0x0000000000000000        0x0 obj/AX5043.o
 .data          0x0000000000000000        0x0 obj/AX5043.o
 .bss           0x0000000000000000        0x0 obj/AX5043.o
 .text.ax5043_power_up
                0x0000000000000000        0x2 obj/AX5043.o
 .text.ax_autorange
                0x0000000000000000        0x2 obj/AX5043.o
 .text.ax_read_packet
                0x0000000000000000       0x9c obj/AX5043.o
 .text.ax_bootup
                0x0000000000000000       0xc8 obj/AX5043.o
 .text          0x0000000000000000        0x0 /usr/lib/gcc/avr/7.3.0/avr35/libgcc.a(_mulhi3.o)
 .data          0x0000000000000000        0x0 /usr/lib/gcc/avr/7.3.0/avr35/libgcc.a(_mulhi3.o)
 .bss           0x0000000000000000        0x0 /usr/lib/gcc/avr/7.3.0/avr35/libgcc.a(_mulhi3.o)
 .text.libgcc.mul
                0x0000000000000000       0x22 /usr/lib/gcc/avr/7.3.0/avr35/libgcc.a(_mulhi3.o)
 .text.libgcc.div
                0x0000000000000000        0x0 /usr/lib/gcc/avr/7.3.0/avr35/libgcc.a(_mulhi3.o)
 .text.libgcc   0x0000000000000000        0x0 /usr/lib/gcc/avr/7.3.0/avr35/libgcc.a(_mulhi3.o)
 .text.libgcc.prologue
                0x0000000000000000        0x0 /usr/lib/gcc/avr/7.3.0/avr35/libgcc.a(_mulhi3.o)
 .text.libgcc.builtins
                0x0000000000000000        0x0 /usr/lib/gcc/avr/7.3.0/avr35/libgcc.a(_mulhi3.o)
 .text.libgcc.fmul
                0x0000000000000000        0x0 /usr/lib/gcc/avr/7.3.0/avr35/libgcc.a(_mulhi3.o)
 .text.libgcc.fixed
                0x0000000000000000        0x0 /usr/lib/gcc/avr/7.3.0/avr35/libgcc.a(_mulhi3.o)
 .text          0x0000000000000000        0x0 /usr/lib/gcc/avr/7.3.0/avr35/libgcc.a(_exit.o)
 .data          0x0000000000000000        0x0 /usr/lib/gcc/avr/7.3.0/avr35/libgcc.a(_exit.o)
 .bss           0x0000000000000000        0x0 /usr/lib/gcc/avr/7.3.0/avr35/libgcc.a(_exit.o)
 .text.libgcc.mul
                0x0000000000000000        0x0 /usr/lib/gcc/avr/7.3.0/avr35/libgcc.a(_exit.o)
 .text.libgcc.div
                0x0000000000000000        0x0 /usr/lib/gcc/avr/7.3.0/avr35/libgcc.a(_exit.o)
 .text.libgcc   0x0000000000000000        0x0 /usr/lib/gcc/avr/7.3.0/avr35/libgcc.a(_exit.o)
 .text.libgcc.prologue
                0x0000000000000000        0x0 /usr/lib/gcc/avr/7.3.0/avr35/libgcc.a(_exit.o)
 .text.libgcc.builtins
                0x0000000000000000        0x0 /usr/lib/gcc/avr/7.3.0/avr35/libgcc.a(_exit.o)
 .text.libgcc.fmul
                0x0000000000000000        0x0 /usr/lib/gcc/avr/7.3.0/avr35/libgcc.a(_exit.o)
 .text.libgcc.fixed
                0x0000000000000000        0x0 /usr/lib/gcc/avr/7.3.0/avr35/libgcc.a(_exit.o)
 .text          0x0000000000000000        0x0 /usr/lib/gcc/avr/7.3.0/avr35/libgcc.a(_copy_data.o)
 .data          0x0000000000000000        0x0 /usr/lib/gcc/avr/7.3.0/avr35/libgcc.a(_copy_data.o)
 .bss           0x0000000000000000        0x0 /usr/lib/gcc/avr/7.3.0/avr35/libgcc.a(_copy_data.o)
 .text.libgcc.mul
                0x0000000000000000        0x0 /usr/lib/gcc/avr/7.3.0/avr35/libgcc.a(_copy_data.o)
 .text.libgcc.div
                0x0000000000000000        0x0 /usr/lib/gcc/avr/7.3.0/avr35/libgcc.a(_copy_data.o)
 .text.libgcc   0x0000000000000000        0x0 /usr/lib/gcc/avr/7.3.0/avr35/libgcc.a(_copy_data.o)
 .text.libgcc.prologue
                0x0000000000000000        0x0 /usr/lib/gcc/avr/7.3.0/avr35/libgcc.a(_copy_data.o)
 .text.libgcc.builtins
                0x0000000000000000        0x0 /usr/lib/gcc/avr/7.3.0/avr35/libgcc.a(_copy_data.o)
 .text.libgcc.fmul
                0x0000000000000000        0x0 /usr/lib/gcc/avr/7.3.0/avr35/libgcc.a(_copy_data.o)
 .text.libgcc.fixed
                0x0000000000000000        0x0 /usr/lib/gcc/avr/7.3.0/avr35/libgcc.a(_copy_data.o)
 .text          0x0000000000000000        0x0 /usr/lib/gcc/avr/7.3.0/avr35/libgcc.a(_clear_bss.o)
 .data          0x0000000000000000        0x0 /usr/lib/gcc/avr/7.3.0/avr35/libgcc.a(_clear_bss.o)
 .bss           0x0000000000000000        0x0 /usr/lib/gcc/avr/7.3.0/avr35/libgcc.a(_clear_bss.o)
 .text.libgcc.mul
                0x0000000000000000        0x0 /usr/lib/gcc/avr/7.3.0/avr35/libgcc.a(_clear_bss.o)
 .text.libgcc.div
                0x0000000000000000        0x0 /usr/lib/gcc/avr/7.3.0/avr35/libgcc.a(_clear_bss.o)
 .text.libgcc   0x0000000000000000        0x0 /usr/lib/gcc/avr/7.3.0/avr35/libgcc.a(_clear_bss.o)
 .text.libgcc.prologue
                0x0000000000000000        0x0 /usr/lib/gcc/avr/7.3.0/avr35/libgcc.a(_clear_bss.o)
 .text.libgcc.builtins
                0x0000000000000000        0x0 /usr/lib/gcc/avr/7.3.0/avr35/libgcc.a(_clear_bss.o)
 .text.libgcc.fmul
                0x0000000000000000        0x0 /usr/lib/gcc/avr/7.3.0/avr35/libgcc.a(_clear_bss.o)
 .text.libgcc.fixed
                0x0000000000000000        0x0 /usr/lib/gcc/avr/7.3.0/avr35/libgcc.a(_clear_bss.o)
 .text          0x0000000000000000        0x0 /usr/lib/gcc/avr/7.3.0/../../../../avr/lib/avr35/libc.a(memcpy_P.o)
 .data          0x0000000000000000        0x0 /usr/lib/gcc/avr/7.3.0/../../../../avr/lib/avr35/libc.a(memcpy_P.o)
 .bss           0x0000000000000000        0x0 /usr/lib/gcc/avr/7.3.0/../../../../avr/lib/avr35/libc.a(memcpy_P.o)
 .text.avr-libc
                0x0000000000000000       0x12 /usr/lib/gcc/avr/7.3.0/../../../../avr/lib/avr35/libc.a(memcpy_P.o)
 .text          0x0000000000000000        0x0 /usr/lib/gcc/avr/7.3.0/../../../../avr/lib/avr35/libc.a(strlen_P.o)
 .data          0x0000000000000000        0x0 /usr/lib/gcc/avr/7.3.0/../../../../avr/lib/avr35/libc.a(strlen_P.o)
 .bss           0x0000000000000000        0x0 /usr/lib/gcc/avr/7.3.0/../../../../avr/lib/avr35/libc.a(strlen_P.o)
 .text.avr-libc
                0x0000000000000000       0x12 /usr/lib/gcc/avr/7.3.0/../../../../avr/lib/avr35/libc.a(strlen_P.o)
 .text          0x0000000000000000        0x0 /usr/lib/gcc/avr/7.3.0/../../../../avr/lib/avr35/libc.a(memcmp.o)
 .data          0x0000000000000000        0x0 /usr/lib/gcc/avr/7.3.0/../../../../avr/lib/avr35/libc.a(memcmp.o)
 .bss           0x0000000000000000        0x0 /usr/lib/gcc/avr/7.3.0/../../../../avr/lib/avr35/libc.a(memcmp.o)
 .text.avr-libc
                0x0000000000000000       0x1a /usr/lib/gcc/avr/7.3.0/../../../../avr/lib/avr35/libc.a(memcmp.o)
 .text          0x0000000000000000        0x0 /usr/lib/gcc/avr/7.3.0/../../../../avr/lib/avr35/libc.a(memcpy.o)
 .data          0x0000000000000000        0x0 /usr/lib/gcc/avr/7.3.0/../../../../avr/lib/avr35/libc.a(memcpy.o)
 .bss           0x0000000000000000        0x0 /usr/lib/gcc/avr/7.3.0/../../../../avr/lib/avr35/libc.a(memcpy.o)
 .text.avr-libc
                0x0000000000000000       0x12 /usr/lib/gcc/avr/7.3.0/../../../../avr/lib/avr35/libc.a(memcpy.o)
 .text          0x0000000000000000        0x0 /usr/lib/gcc/avr/7.3.0/../../../../avr/lib/avr35/libc.a(memset.o)
 .data          0x0000000000000000        0x0 /usr/lib/gcc/avr/7.3.0/../../../../avr/lib/avr35/libc.a(memset.o)
 .bss           0x0000000000000000        0x0 /usr/lib/gcc/avr/7.3.0/../../../../avr/lib/avr35/libc.a(memset.o)
 .text.avr-libc
                0x0000000000000000        0xe /usr/lib/gcc/avr/7.3.0/../../../../avr/lib/avr35/libc.a(memset.o)
 .text          0x0000000000000000        0x0 /usr/lib/gcc/avr/7.3.0/../../../../avr/lib/avr35/libc.a(itoa.o)
 .data          0x0000000000000000        0x0 /usr/lib/gcc/avr/7.3.0/../../../../avr/lib/avr35/libc.a(itoa.o)
 .bss           0x0000000000000000        0x0 /usr/lib/gcc/avr/7.3.0/../../../../avr/lib/avr35/libc.a(itoa.o)
 .text.avr-libc
                0x0000000000000000       0x16 /usr/lib/gcc/avr/7.3.0/../../../../avr/lib/avr35/libc.a(itoa.o)
 .text          0x0000000000000000        0x0 /usr/lib/gcc/avr/7.3.0/../../../../avr/lib/avr35/libc.a(itoa_ncheck.o)
 .data          0x0000000000000000        0x0 /usr/lib/gcc/avr/7.3.0/../../../../avr/lib/avr35/libc.a(itoa_ncheck.o)
 .bss           0x0000000000000000        0x0 /usr/lib/gcc/avr/7.3.0/../../../../avr/lib/avr35/libc.a(itoa_ncheck.o)
 .text.avr-libc
                0x0000000000000000       0x16 /usr/lib/gcc/avr/7.3.0/../../../../avr/lib/avr35/libc.a(itoa_ncheck.o)
 .text          0x0000000000000000        0x0 /usr/lib/gcc/avr/7.3.0/../../../../avr/lib/avr35/libc.a(utoa_ncheck.o)
 .data          0x0000000000000000        0x0 /usr/lib/gcc/avr/7.3.0/../../../../avr/lib/avr35/libc.a(utoa_ncheck.o)
 .bss           0x0000000000000000        0x0 /usr/lib/gcc/avr/7.3.0/../../../../avr/lib/avr35/libc.a(utoa_ncheck.o)
 .text.avr-libc
                0x0000000000000000       0x34 /usr/lib/gcc/avr/7.3.0/../../../../avr/lib/avr35/libc.a(utoa_ncheck.o)
 .text          0x0000000000000000        0x0 /usr/lib/gcc/avr/7.3.0/../../../../avr/lib/avr35/libc.a(fputc.o)
 .data          0x0000000000000000        0x0 /usr/lib/gcc/avr/7.3.0/../../../../avr/lib/avr35/libc.a(fputc.o)
 .bss           0x0000000000000000        0x0 /usr/lib/gcc/avr/7.3.0/../../../../avr/lib/avr35/libc.a(fputc.o)
 .text.avr-libc
                0x0000000000000000       0x60 /usr/lib/gcc/avr/7.3.0/../../../../avr/lib/avr35/libc.a(fputc.o)
 .comment       0x0000000000000000       0x12 /usr/lib/gcc/avr/7.3.0/../../../../avr/lib/avr35/libc.a(fputc.o)
 .text          0x0000000000000000        0x0 /usr/lib/gcc/avr/7.3.0/../../../../avr/lib/avr35/libc.a(fputs.o)
 .data          0x0000000000000000        0x0 /usr/lib/gcc/avr/7.3.0/../../../../avr/lib/avr35/libc.a(fputs.o)
 .bss           0x0000000000000000        0x0 /usr/lib/gcc/avr/7.3.0/../../../../avr/lib/avr35/libc.a(fputs.o)
 .text          0x0000000000000000        0x0 /usr/lib/gcc/avr/7.3.0/../../../../avr/lib/avr35/libc.a(strrev.o)
 .data          0x0000000000000000        0x0 /usr/lib/gcc/avr/7.3.0/../../../../avr/lib/avr35/libc.a(strrev.o)
 .bss           0x0000000000000000        0x0 /usr/lib/gcc/avr/7.3.0/../../../../avr/lib/avr35/libc.a(strrev.o)
 .text.avr-libc
                0x0000000000000000       0x20 /usr/lib/gcc/avr/7.3.0/../../../../avr/lib/avr35/libc.a(strrev.o)
 .text          0x0000000000000000        0x0 /usr/lib/gcc/avr/7.3.0/../../../../avr/lib/avr35/libatmega32u2.a(eerd_byte.o)
 .data          0x0000000000000000        0x0 /usr/lib/gcc/avr/7.3.0/../../../../avr/lib/avr35/libatmega32u2.a(eerd_byte.o)
 .bss           0x0000000000000000        0x0 /usr/lib/gcc/avr/7.3.0/../../../../avr/lib/avr35/libatmega32u2.a(eerd_byte.o)
 .text.avr-libc
                0x0000000000000000       0x10 /usr/lib/gcc/avr/7.3.0/../../../../avr/lib/avr35/libatmega32u2.a(eerd_byte.o)
 .text          0x0000000000000000        0x0 /usr/lib/gcc/avr/7.3.0/../../../../avr/lib/avr35/libatmega32u2.a(eeupd_byte.o)
 .data          0x0000000000000000        0x0 /usr/lib/gcc/avr/7.3.0/../../../../avr/lib/avr35/libatmega32u2.a(eeupd_byte.o)
 .bss           0x0000000000000000        0x0 /usr/lib/gcc/avr/7.3.0/../../../../avr/lib/avr35/libatmega32u2.a(eeupd_byte.o)
 .text.avr-libc
                0x0000000000000000       0x24 /usr/lib/gcc/avr/7.3.0/../../../../avr/lib/avr35/libatmega32u2.a(eeupd_byte.o)
 .text          0x0000000000000000        0x0 /usr/lib/gcc/avr/7.3.0/avr35/libgcc.a(_epilogue.o)
 .data          0x0000000000000000        0x0 /usr/lib/gcc/avr/7.3.0/avr35/libgcc.a(_epilogue.o)
 .bss           0x0000000000000000        0x0 /usr/lib/gcc/avr/7.3.0/avr35/libgcc.a(_epilogue.o)
 .text.libgcc.mul
                0x0000000000000000        0x0 /usr/lib/gcc/avr/7.3.0/avr35/libgcc.a(_epilogue.o)
 .text.libgcc.div
                0x0000000000000000        0x0 /usr/lib/gcc/avr/7.3.0/avr35/libgcc.a(_epilogue.o)
 .text.libgcc   0x0000000000000000        0x0 /usr/lib/gcc/avr/7.3.0/avr35/libgcc.a(_epilogue.o)
 .text.libgcc.builtins
                0x0000000000000000        0x0 /usr/lib/gcc/avr/7.3.0/avr35/libgcc.a(_epilogue.o)
 .text.libgcc.fmul
                0x0000000000000000        0x0 /usr/lib/gcc/avr/7.3.0/avr35/libgcc.a(_epilogue.o)
 .text.libgcc.fixed
                0x0000000000000000        0x0 /usr/lib/gcc/avr/7.3.0/avr35/libgcc.a(_epilogue.o)

Memory Configuration

Name             Origin             Length             Attributes
text             0x0000000000000000 0x0000000000010000 xr
data             0x0000000000800060 0x000000000000ffa0 rw !x
eeprom           0x0000000000810000 0x0000000000010000 rw !x
fuse             0x0000000000820000 0x0000000000000400 rw !x
lock             0x0000000000830000 0x0000000000000400 rw !x
signature        0x0000000000840000 0x0000000000000400 rw !x
user_signatures  0x0000000000850000 0x0000000000000400 rw !x
*default*        0x0000000000000000 0xffffffffffffffff

Linker script and memory map

Address of section .data set to 0x800100
LOAD /usr/lib/gcc/avr/7.3.0/../../../../avr/lib/avr35/crtatmega32u2.o
LOAD obj/UTR.o
LOAD obj/Descriptors.o
LOAD obj/HIDParser.o
LOAD obj/Device_AVR8.o
LOAD obj/EndpointStream_AVR8.o
LOAD obj/Endpoint_AVR8.o
LOAD obj/Host_AVR8.o
LOAD obj/PipeStream_AVR8.o
LOAD obj/Pipe_AVR8.o
LOAD obj/USBController_AVR8.o
LOAD obj/USBInterrupt_AVR8.o
LOAD obj/ConfigDescriptors.o
LOAD obj/DeviceStandardReq.o
LOAD obj/Events.o
LOAD obj/HostStandardReq.o
LOAD obj/USBTask.o
LOAD obj/AudioClassDevice.o
LOAD obj/CDCClassDevice.o
LOAD obj/HIDClassDevice.o
LOAD obj/MassStorageClassDevice.o
LOAD obj/MIDIClassDevice.o
LOAD obj/PrinterClassDevice.o
LOAD obj/RNDISClassDevice.o
LOAD obj/AndroidAccessoryClassHost.o
LOAD obj/AudioClassHost.o
LOAD obj/CDCClassHost.o
LOAD obj/HIDClassHost.o
LOAD obj/MassStorageClassHost.o
LOAD obj/MIDIClassHost.o
LOAD obj/PrinterClassHost.o
LOAD obj/RNDISClassHost.o
LOAD obj/StillImageClassHost.o
LOAD obj/AX5043.o
LOAD /usr/lib/gcc/avr/7.3.0/../../../../avr/lib/avr35/libm.a
START GROUP
LOAD /usr/lib/gcc/avr/7.3.0/avr35/libgcc.a
LOAD /usr/lib/gcc/avr/7.3.0/../../../../avr/lib/avr35/libm.a
LOAD /usr/lib/gcc/avr/7.3.0/../../../../avr/lib/avr35/libc.a
LOAD /usr/lib/gcc/avr/7.3.0/../../../../avr/lib/avr35/libatmega32u2.a
END GROUP
                0x0000000000010000                __TEXT_REGION_LENGTH__ = DEFINED (__TEXT_REGION_LENGTH__)?__TEXT_REGION_LENGTH__:0x10000
                0x000000000000ffa0                __DATA_REGION_LENGTH__ = DEFINED (__DATA_REGION_LENGTH__)?__DATA_REGION_LENGTH__:0xffa0
                0x0000000000010000                __EEPROM_REGION_LENGTH__ = DEFINED (__EEPROM_REGION_LENGTH__)?__EEPROM_REGION_LENGTH__:0x10000
                0x0000000000000400                __FUSE_REGION_LENGTH__ = DEFINED (__FUSE_REGION_LENGTH__)?__FUSE_REGION_LENGTH__:0x400
                0x0000000000000400                __LOCK_REGION_LENGTH__ = DEFINED (__LOCK_REGION_LENGTH__)?__LOCK_REGION_LENGTH__:0x400
                0x0000000000000400                __SIGNATURE_REGION_LENGTH__ = DEFINED (__SIGNATURE_REGION_LENGTH__)?__SIGNATURE_REGION_LENGTH__:0x400
                0x0000000000000400                __USER_SIGNATURE_REGION_LENGTH__ = DEFINED (__USER_SIGNATURE_REGION_LENGTH__)?__USER_SIGNATURE_REGION_LENGTH__:0x400

.hash
 *(.hash)

.dynsym
 *(.dynsym)

.dynstr
 *(.dynstr)

.gnu.version
 *(.gnu.version)

.gnu.version_d
 *(.gnu.version_d)

.gnu.version_r
 *(.gnu.version_r)

.rel.init
 *(.rel.init)

.rela.init
 *(.rela.init)

.rel.text
 *(.rel.text)
 *(.rel.text.*)
 *(.rel.gnu.linkonce.t*)

.rela.text
 *(.rela.text)
 *(.rela.text.*)
 *(.rela.gnu.linkonce.t*)

.rel.fini
 *(.rel.fini)

.rela.fini
 *(.rela.fini)

.rel.rodata
 *(.rel.rodata)
 *(.rel.rodata.*)
 *(.rel.gnu.linkonce.r*)

.rela.rodata
 *(.rela.rodata)
 *(.rela.rodata.*)
 *(.rela.gnu.linkonce.r*)

.rel.data
 *(.rel.data)
 *(.rel.data.*)
 *(.rel.gnu.linkonce.d*)

.rela.data
 *(.rela.data)
 *(.rela.data.*)
 *(.rela.gnu.linkonce.d*)

.rel.ctors
 *(.rel.ctors)

.rela.ctors
 *(.rela.ctors)

.rel.dtors
 *(.rel.dtors)

.rela.dtors
 *(.rela.dtors)

.rel.got
 *(.rel.got)

.rela.got
 *(.rela.got)

.rel.bss
 *(.rel.bss)

.rela.bss
 *(.rela.bss)

.rel.plt
 *(.rel.plt)

.rela.plt
 *(.rela.plt)

.text           0x0000000000000000      0xfac
 *(.vectors)
 .vectors       0x0000000000000000       0x74 /usr/lib/gcc/avr/7.3.0/../../../../avr/lib/avr35/crtatmega32u2.o
                0x0000000000000000                __vectors
                0x0000000000000000                __vector_default
 *(.vectors)
 *(.progmem.gcc*)
                0x0000000000000074                . = ALIGN (0x2)
                0x0000000000000074                __trampolines_start = .
 *(.trampolines)
 .trampolines   0x0000000000000074        0x0 linker stubs
 *(.trampolines*)
                0x0000000000000074                __trampolines_end = .
 *libprintf_flt.a:*(.progmem.data)
 *libc.a:*(.progmem.data)
 *(.progmem.*)
 .progmem.data  0x0000000000000074       0x88 obj/Descriptors.o
                0x0000000000000074                ProductString
                0x000000000000008e                ManufacturerString
                0x00000000000000a8                LanguageString
                0x00000000000000ac                ConfigurationDescriptor
                0x00000000000000ea                DeviceDescriptor
                0x00000000000000fc                . = ALIGN (0x2)
 *(.lowtext)
 *(.lowtext*)
                0x00000000000000fc                __ctors_start = .
 *(.ctors)
                0x00000000000000fc                __ctors_end = .
                0x00000000000000fc                __dtors_start = .
 *(.dtors)
                0x00000000000000fc                __dtors_end = .
 SORT_BY_NAME(*)(.ctors)
 SORT_BY_NAME(*)(.dtors)
 *(.init0)
 .init0         0x00000000000000fc        0x0 /usr/lib/gcc/avr/7.3.0/../../../../avr/lib/avr35/crtatmega32u2.o
                0x00000000000000fc                __init
 *(.init0)
 *(.init1)
 *(.init1)
 *(.init2)
 .init2         0x00000000000000fc        0xc /usr/lib/gcc/avr/7.3.0/../../../../avr/lib/avr35/crtatmega32u2.o
 *(.init2)
 *(.init3)
 *(.init3)
 *(.init4)
 .init4         0x0000000000000108       0x16 /usr/lib/gcc/avr/7.3.0/avr35/libgcc.a(_copy_data.o)
                0x0000000000000108                __do_copy_data
 .init4         0x000000000000011e       0x10 /usr/lib/gcc/avr/7.3.0/avr35/libgcc.a(_clear_bss.o)
                0x000000000000011e                __do_clear_bss
 *(.init4)
 *(.init5)
 *(.init5)
 *(.init6)
 *(.init6)
 *(.init7)
 *(.init7)
 *(.init8)
 *(.init8)
 *(.init9)
 .init9         0x000000000000012e        0x4 /usr/lib/gcc/avr/7.3.0/../../../../avr/lib/avr35/crtatmega32u2.o
 *(.init9)
 *(.text)
 .text          0x0000000000000132        0x2 /usr/lib/gcc/avr/7.3.0/../../../../avr/lib/avr35/crtatmega32u2.o
                0x0000000000000132                __vector_22
                0x0000000000000132                __vector_28
                0x0000000000000132                __vector_1
                0x0000000000000132                __vector_24
                0x0000000000000132                __bad_interrupt
                0x0000000000000132                __vector_6
                0x0000000000000132                __vector_3
                0x0000000000000132                __vector_23
                0x0000000000000132                __vector_25
                0x0000000000000132                __vector_13
                0x0000000000000132                __vector_17
                0x0000000000000132                __vector_19
                0x0000000000000132                __vector_7
                0x0000000000000132                __vector_27
                0x0000000000000132                __vector_5
                0x0000000000000132                __vector_4
                0x0000000000000132                __vector_9
                0x0000000000000132                __vector_2
                0x0000000000000132                __vector_15
                0x0000000000000132                __vector_8
                0x0000000000000132                __vector_26
                0x0000000000000132                __vector_14
                0x0000000000000132                __vector_10
                0x0000000000000132                __vector_16
                0x0000000000000132                __vector_18
                0x0000000000000132                __vector_20
                0x0000000000000134                . = ALIGN (0x2)
 *(.text.*)
 .text.SetupHardware
                0x0000000000000134       0x30 obj/UTR.o
                0x0000000000000134                SetupHardware
 .text.EVENT_USB_Device_Connect
                0x0000000000000164       0x2a obj/UTR.o
                0x0000000000000164                EVENT_USB_Device_Connect
 .text.EVENT_USB_Device_Disconnect
                0x000000000000018e        0x2 obj/UTR.o
                0x000000000000018e                EVENT_USB_Device_Disconnect
 .text.EVENT_USB_Device_ConfigurationChanged
                0x0000000000000190        0x6 obj/UTR.o
                0x0000000000000190                EVENT_USB_Device_ConfigurationChanged
 .text.EVENT_USB_Device_ControlRequest
                0x0000000000000196        0x6 obj/UTR.o
                0x0000000000000196                EVENT_USB_Device_ControlRequest
 .text.EVENT_CDC_Device_ControLineStateChanged
                0x000000000000019c        0x2 obj/UTR.o
                0x000000000000019c                EVENT_CDC_Device_ControLineStateChanged
 .text.SPI_MasterInit
                0x000000000000019e        0xe obj/UTR.o
                0x000000000000019e                SPI_MasterInit
 .text.SPI_RW_8
                0x00000000000001ac       0x22 obj/UTR.o
                0x00000000000001ac                SPI_RW_8
 .text.__vector_21
                0x00000000000001ce       0x60 obj/UTR.o
                0x00000000000001ce                __vector_21
 .text.startup.main
                0x000000000000022e       0x6e obj/UTR.o
                0x000000000000022e                main
 .text.CALLBACK_USB_GetDescriptor
                0x000000000000029c       0x60 obj/Descriptors.o
                0x000000000000029c                CALLBACK_USB_GetDescriptor
 .text.Endpoint_Write_Control_Stream_LE
                0x00000000000002fc       0xb8 obj/EndpointStream_AVR8.o
                0x00000000000002fc                Endpoint_Write_Control_Stream_LE
 .text.Endpoint_Write_Control_PStream_LE
                0x00000000000003b4       0xba obj/EndpointStream_AVR8.o
                0x00000000000003b4                Endpoint_Write_Control_PStream_LE
 .text.Endpoint_ConfigureEndpoint_Prv
                0x000000000000046e       0x68 obj/Endpoint_AVR8.o
                0x000000000000046e                Endpoint_ConfigureEndpoint_Prv
 .text.Endpoint_ConfigureEndpointTable
                0x00000000000004d6       0x78 obj/Endpoint_AVR8.o
                0x00000000000004d6                Endpoint_ConfigureEndpointTable
 .text.Endpoint_ClearStatusStage
                0x000000000000054e       0x3e obj/Endpoint_AVR8.o
                0x000000000000054e                Endpoint_ClearStatusStage
 .text.Endpoint_WaitUntilReady
                0x000000000000058c       0x5e obj/Endpoint_AVR8.o
                0x000000000000058c                Endpoint_WaitUntilReady
 .text.USB_ResetInterface
                0x00000000000005ea       0x70 obj/USBController_AVR8.o
                0x00000000000005ea                USB_ResetInterface
 .text.USB_Init
                0x000000000000065a       0x12 obj/USBController_AVR8.o
                0x000000000000065a                USB_Init
 .text.USB_INT_DisableAllInterrupts
                0x000000000000066c        0x6 obj/USBInterrupt_AVR8.o
                0x000000000000066c                USB_INT_DisableAllInterrupts
 .text.USB_INT_ClearAllInterrupts
                0x0000000000000672        0x6 obj/USBInterrupt_AVR8.o
                0x0000000000000672                USB_INT_ClearAllInterrupts
 .text.__vector_11
                0x0000000000000678      0x152 obj/USBInterrupt_AVR8.o
                0x0000000000000678                __vector_11
 .text.__vector_12
                0x00000000000007ca       0x76 obj/USBInterrupt_AVR8.o
                0x00000000000007ca                __vector_12
 .text.USB_Device_ProcessControlRequest
                0x0000000000000840      0x2b6 obj/DeviceStandardReq.o
                0x0000000000000840                USB_Device_ProcessControlRequest
 .text.USB_Event_Stub
                0x0000000000000af6        0x2 obj/Events.o
                0x0000000000000af6                EVENT_USB_Device_WakeUp
                0x0000000000000af6                USB_Event_Stub
                0x0000000000000af6                EVENT_USB_Device_Suspend
                0x0000000000000af6                EVENT_USB_Device_StartOfFrame
                0x0000000000000af6                EVENT_USB_Device_Reset
 .text.USB_USBTask
                0x0000000000000af8       0x36 obj/USBTask.o
                0x0000000000000af8                USB_USBTask
 .text.CDC_Device_ConfigureEndpoints
                0x0000000000000b2e       0x4a obj/CDCClassDevice.o
                0x0000000000000b2e                CDC_Device_ConfigureEndpoints
 .text.CDC_Device_SendByte
                0x0000000000000b78       0x4e obj/CDCClassDevice.o
                0x0000000000000b78                CDC_Device_SendByte
 .text.CDC_Device_putchar
                0x0000000000000bc6       0x20 obj/CDCClassDevice.o
 .text.CDC_Device_Flush
                0x0000000000000be6       0x56 obj/CDCClassDevice.o
                0x0000000000000be6                CDC_Device_Flush
 .text.CDC_Device_USBTask
                0x0000000000000c3c       0x2c obj/CDCClassDevice.o
                0x0000000000000c3c                CDC_Device_USBTask
 .text.CDC_Device_ReceiveByte
                0x0000000000000c68       0x58 obj/CDCClassDevice.o
                0x0000000000000c68                CDC_Device_ReceiveByte
 .text.CDC_Device_getchar
                0x0000000000000cc0       0x12 obj/CDCClassDevice.o
 .text.CDC_Device_CreateStream
                0x0000000000000cd2       0x26 obj/CDCClassDevice.o
                0x0000000000000cd2                CDC_Device_CreateStream
 .text.CDC_Device_Event_Stub
                0x0000000000000cf8        0x2 obj/CDCClassDevice.o
                0x0000000000000cf8                EVENT_CDC_Device_LineEncodingChanged
                0x0000000000000cf8                EVENT_CDC_Device_BreakSent
                0x0000000000000cf8                CDC_Device_Event_Stub
 .text.CDC_Device_ProcessControlRequest
                0x0000000000000cfa      0x156 obj/CDCClassDevice.o
                0x0000000000000cfa                CDC_Device_ProcessControlRequest
 .text.ax_send_data
                0x0000000000000e50       0xb0 obj/AX5043.o
                0x0000000000000e50                ax_send_data
 .text.ax_check_comms
                0x0000000000000f00       0x20 obj/AX5043.o
                0x0000000000000f00                ax_check_comms
 .text.avr-libc
                0x0000000000000f20       0x52 /usr/lib/gcc/avr/7.3.0/../../../../avr/lib/avr35/libc.a(fputs.o)
                0x0000000000000f20                fputs
 .text.libgcc.prologue
                0x0000000000000f72       0x36 /usr/lib/gcc/avr/7.3.0/avr35/libgcc.a(_epilogue.o)
                0x0000000000000f72                __epilogue_restores__
                0x0000000000000fa8                . = ALIGN (0x2)
 *(.fini9)
 .fini9         0x0000000000000fa8        0x0 /usr/lib/gcc/avr/7.3.0/avr35/libgcc.a(_exit.o)
                0x0000000000000fa8                exit
                0x0000000000000fa8                _exit
 *(.fini9)
 *(.fini8)
 *(.fini8)
 *(.fini7)
 *(.fini7)
 *(.fini6)
 *(.fini6)
 *(.fini5)
 *(.fini5)
 *(.fini4)
 *(.fini4)
 *(.fini3)
 *(.fini3)
 *(.fini2)
 *(.fini2)
 *(.fini1)
 *(.fini1)
 *(.fini0)
 .fini0         0x0000000000000fa8        0x4 /usr/lib/gcc/avr/7.3.0/avr35/libgcc.a(_exit.o)
 *(.fini0)
 *(.hightext)
 *(.hightext*)
 *(.progmemx.*)
                0x0000000000000fac                . = ALIGN (0x2)
 *(.jumptables)
 *(.jumptables*)
                0x0000000000000fac                _etext = .

.data           0x0000000000800100       0x2c load address 0x0000000000000fac
                0x0000000000800100                PROVIDE (__data_start = .)
 *(.data)
 .data          0x0000000000800100       0x1b obj/UTR.o
                0x0000000000800100                VirtualSerial_CDC_Interface
 *(.data*)
 *(.gnu.linkonce.d*)
 *(.rodata)
 *(.rodata*)
 .rodata.str1.1
                0x000000000080011b       0x10 obj/UTR.o
 *(.gnu.linkonce.r*)
                0x000000000080012c                . = ALIGN (0x2)
 *fill*         0x000000000080012b        0x1 
                0x000000000080012c                _edata = .
                0x000000000080012c                PROVIDE (__data_end = .)

.bss            0x000000000080012c       0x1c
                0x000000000080012c                PROVIDE (__bss_start = .)
 *(.bss)
 .bss           0x000000000080012c        0xf obj/UTR.o
                0x000000000080012c                USBint
 *(.bss*)
 *(COMMON)
 COMMON         0x000000000080013b        0x3 obj/DeviceStandardReq.o
                0x000000000080013b                USB_Device_ConfigurationNumber
                0x000000000080013c                USB_Device_CurrentlySelfPowered
                0x000000000080013d                USB_Device_RemoteWakeupEnabled
 COMMON         0x000000000080013e        0xa obj/USBTask.o
                0x000000000080013e                USB_IsInitialized
                0x000000000080013f                USB_DeviceState
                0x0000000000800140                USB_ControlRequest
                0x0000000000800148                PROVIDE (__bss_end = .)
                0x0000000000000fac                __data_load_start = LOADADDR (.data)
                0x0000000000000fd8                __data_load_end = (__data_load_start + SIZEOF (.data))

.noinit         0x0000000000800148        0x0
                [!provide]                        PROVIDE (__noinit_start = .)
 *(.noinit*)
                [!provide]                        PROVIDE (__noinit_end = .)
                0x0000000000800148                _end = .
                [!provide]                        PROVIDE (__heap_start = .)

.eeprom         0x0000000000810000        0x0
 *(.eeprom*)
                0x0000000000810000                __eeprom_end = .

.fuse
 *(.fuse)
 *(.lfuse)
 *(.hfuse)
 *(.efuse)

.lock
 *(.lock*)

.signature
 *(.signature*)

.stab
 *(.stab)

.stabstr
 *(.stabstr)

.stab.excl
 *(.stab.excl)

.stab.exclstr
 *(.stab.exclstr)

.stab.index
 *(.stab.index)

.stab.indexstr
 *(.stab.indexstr)

.comment        0x0000000000000000       0x33
 *(.comment)
 .comment       0x0000000000000000       0x11 obj/UTR.o
                                         0x12 (size before relaxing)
 .comment       0x0000000000000011       0x11 obj/Descriptors.o
                                         0x12 (size before relaxing)
 .comment       0x0000000000000022       0x12 obj/EndpointStream_AVR8.o
 .comment       0x0000000000000022       0x12 obj/Endpoint_AVR8.o
 .comment       0x0000000000000022       0x12 obj/USBController_AVR8.o
 .comment       0x0000000000000022       0x12 obj/USBInterrupt_AVR8.o
 .comment       0x0000000000000022       0x12 obj/DeviceStandardReq.o
 .comment       0x0000000000000022       0x12 obj/Events.o
 .comment       0x0000000000000022       0x12 obj/USBTask.o
 .comment       0x0000000000000022       0x12 obj/CDCClassDevice.o
 .comment       0x0000000000000022       0x12 obj/AX5043.o
 .comment       0x0000000000000022       0x11 /usr/lib/gcc/avr/7.3.0/../../../../avr/lib/avr35/libc.a(fputs.o)
                                         0x12 (size before relaxing)

.note.gnu.avr.deviceinfo
                0x0000000000000000       0x40
 .note.gnu.avr.deviceinfo
                0x0000000000000000       0x40 /usr/lib/gcc/avr/7.3.0/../../../../avr/lib/avr35/crtatmega32u2.o

.note.gnu.build-id
 *(.note.gnu.build-id)

.debug
 *(.debug)

.line
 *(.line)

.debug_srcinfo
 *(.debug_srcinfo)

.debug_sfnames
 *(.debug_sfnames)

.debug_aranges  0x0000000000000000      0x360
 *(.debug_aranges)
 .debug_aranges
                0x0000000000000000       0x80 obj/UTR.o
 .debug_aranges
                0x0000000000000080       0x20 obj/Descriptors.o
 .debug_aranges
                0x00000000000000a0       0xc8 obj/EndpointStream_AVR8.o
 .debug_aranges
                0x0000000000000168       0x40 obj/Endpoint_AVR8.o
 .debug_aranges
                0x00000000000001a8       0x30 obj/USBController_AVR8.o
 .debug_aranges
                0x00000000000001d8       0x38 obj/USBInterrupt_AVR8.o
 .debug_aranges
                0x0000000000000210       0x20 obj/DeviceStandardReq.o
 .debug_aranges
                0x0000000000000230       0x20 obj/Events.o
 .debug_aranges
                0x0000000000000250       0x20 obj/USBTask.o
 .debug_aranges
                0x0000000000000270       0xa8 obj/CDCClassDevice.o
 .debug_aranges
                0x0000000000000318       0x48 obj/AX5043.o

.debug_pubnames
 *(.debug_pubnames)

.debug_info     0x0000000000000000     0x6c20
 *(.debug_info .gnu.linkonce.wi.*)
 .debug_info    0x0000000000000000      0x6ba /usr/lib/gcc/avr/7.3.0/../../../../avr/lib/avr35/crtatmega32u2.o
 .debug_info    0x00000000000006ba      0xad4 obj/UTR.o
 .debug_info    0x000000000000118e      0x926 obj/Descriptors.o
 .debug_info    0x0000000000001ab4     0x17ba obj/EndpointStream_AVR8.o
 .debug_info    0x000000000000326e      0x64a obj/Endpoint_AVR8.o
 .debug_info    0x00000000000038b8      0x4e6 obj/USBController_AVR8.o
 .debug_info    0x0000000000003d9e      0x7b0 obj/USBInterrupt_AVR8.o
 .debug_info    0x000000000000454e      0xa6b obj/DeviceStandardReq.o
 .debug_info    0x0000000000004fb9       0x78 obj/Events.o
 .debug_info    0x0000000000005031      0x2a7 obj/USBTask.o
 .debug_info    0x00000000000052d8     0x1014 obj/CDCClassDevice.o
 .debug_info    0x00000000000062ec      0x934 obj/AX5043.o

.debug_abbrev   0x0000000000000000     0x1f4e
 *(.debug_abbrev)
 .debug_abbrev  0x0000000000000000      0x65d /usr/lib/gcc/avr/7.3.0/../../../../avr/lib/avr35/crtatmega32u2.o
 .debug_abbrev  0x000000000000065d      0x3c1 obj/UTR.o
 .debug_abbrev  0x0000000000000a1e      0x1bb obj/Descriptors.o
 .debug_abbrev  0x0000000000000bd9      0x20a obj/EndpointStream_AVR8.o
 .debug_abbrev  0x0000000000000de3      0x251 obj/Endpoint_AVR8.o
 .debug_abbrev  0x0000000000001034      0x1a6 obj/USBController_AVR8.o
 .debug_abbrev  0x00000000000011da      0x231 obj/USBInterrupt_AVR8.o
 .debug_abbrev  0x000000000000140b      0x2fc obj/DeviceStandardReq.o
 .debug_abbrev  0x0000000000001707       0x44 obj/Events.o
 .debug_abbrev  0x000000000000174b      0x198 obj/USBTask.o
 .debug_abbrev  0x00000000000018e3      0x43f obj/CDCClassDevice.o
 .debug_abbrev  0x0000000000001d22      0x22c obj/AX5043.o

.debug_line     0x0000000000000000     0x3748
 *(.debug_line .debug_line.* .debug_line_end)
 .debug_line    0x0000000000000000       0x1d /usr/lib/gcc/avr/7.3.0/../../../../avr/lib/avr35/crtatmega32u2.o
 .debug_line    0x000000000000001d      0x4fa obj/UTR.o
 .debug_line    0x0000000000000517      0x1f4 obj/Descriptors.o
 .debug_line    0x000000000000070b     0x1356 obj/EndpointStream_AVR8.o
 .debug_line    0x0000000000001a61      0x475 obj/Endpoint_AVR8.o
 .debug_line    0x0000000000001ed6      0x299 obj/USBController_AVR8.o
 .debug_line    0x000000000000216f      0x45d obj/USBInterrupt_AVR8.o
 .debug_line    0x00000000000025cc      0x484 obj/DeviceStandardReq.o
 .debug_line    0x0000000000002a50       0x55 obj/Events.o
 .debug_line    0x0000000000002aa5      0x157 obj/USBTask.o
 .debug_line    0x0000000000002bfc      0x8bb obj/CDCClassDevice.o
 .debug_line    0x00000000000034b7      0x291 obj/AX5043.o

.debug_frame    0x0000000000000000      0x9bc
 *(.debug_frame)
 .debug_frame   0x0000000000000000      0x168 obj/UTR.o
 .debug_frame   0x0000000000000168       0x24 obj/Descriptors.o
 .debug_frame   0x000000000000018c      0x404 obj/EndpointStream_AVR8.o
 .debug_frame   0x0000000000000590       0x78 obj/Endpoint_AVR8.o
 .debug_frame   0x0000000000000608       0x44 obj/USBController_AVR8.o
 .debug_frame   0x000000000000064c       0xe8 obj/USBInterrupt_AVR8.o
 .debug_frame   0x0000000000000734       0x3c obj/DeviceStandardReq.o
 .debug_frame   0x0000000000000770       0x24 obj/Events.o
 .debug_frame   0x0000000000000794       0x2c obj/USBTask.o
 .debug_frame   0x00000000000007c0      0x188 obj/CDCClassDevice.o
 .debug_frame   0x0000000000000948       0x74 obj/AX5043.o

.debug_str      0x0000000000000000     0x2706
 *(.debug_str)
 .debug_str     0x0000000000000000      0x262 /usr/lib/gcc/avr/7.3.0/../../../../avr/lib/avr35/crtatmega32u2.o
 .debug_str     0x0000000000000262      0x72a obj/UTR.o
                                        0x7a3 (size before relaxing)
 .debug_str     0x000000000000098c      0xa08 obj/Descriptors.o
                                        0xc6d (size before relaxing)
 .debug_str     0x0000000000001394      0x637 obj/EndpointStream_AVR8.o
                                        0x8d5 (size before relaxing)
 .debug_str     0x00000000000019cb      0x2d0 obj/Endpoint_AVR8.o
                                        0x695 (size before relaxing)
 .debug_str     0x0000000000001c9b      0x1ee obj/USBController_AVR8.o
                                        0x590 (size before relaxing)
 .debug_str     0x0000000000001e89      0x12b obj/USBInterrupt_AVR8.o
                                        0x636 (size before relaxing)
 .debug_str     0x0000000000001fb4      0x418 obj/DeviceStandardReq.o
                                        0x9e9 (size before relaxing)
 .debug_str     0x00000000000023cc       0x2e obj/Events.o
                                        0x1b2 (size before relaxing)
 .debug_str     0x00000000000023fa       0x3c obj/USBTask.o
                                        0x3e8 (size before relaxing)
 .debug_str     0x0000000000002436      0x28c obj/CDCClassDevice.o
                                        0xb0f (size before relaxing)
 .debug_str     0x00000000000026c2       0x44 obj/AX5043.o
                                        0x37d (size before relaxing)

.debug_loc      0x0000000000000000     0x41a0
 *(.debug_loc)
 .debug_loc     0x0000000000000000      0x35d obj/UTR.o
 .debug_loc     0x000000000000035d      0x17a obj/Descriptors.o
 .debug_loc     0x00000000000004d7     0x240c obj/EndpointStream_AVR8.o
 .debug_loc     0x00000000000028e3      0x422 obj/Endpoint_AVR8.o
 .debug_loc     0x0000000000002d05       0x78 obj/USBController_AVR8.o
 .debug_loc     0x0000000000002d7d      0x3ab obj/USBInterrupt_AVR8.o
 .debug_loc     0x0000000000003128      0x324 obj/DeviceStandardReq.o
 .debug_loc     0x000000000000344c       0x49 obj/USBTask.o
 .debug_loc     0x0000000000003495      0x9e5 obj/CDCClassDevice.o
 .debug_loc     0x0000000000003e7a      0x326 obj/AX5043.o

.debug_macinfo
 *(.debug_macinfo)

.debug_weaknames
 *(.debug_weaknames)

.debug_funcnames
 *(.debug_funcnames)

.debug_typenames
 *(.debug_typenames)

.debug_varnames
 *(.debug_varnames)

.debug_pubtypes
 *(.debug_pubtypes)

.debug_ranges   0x0000000000000000      0x660
 *(.debug_ranges)
 .debug_ranges  0x0000000000000000       0x70 obj/UTR.o
 .debug_ranges  0x0000000000000070       0x28 obj/Descriptors.o
 .debug_ranges  0x0000000000000098      0x238 obj/EndpointStream_AVR8.o
 .debug_ranges  0x00000000000002d0       0xe8 obj/Endpoint_AVR8.o
 .debug_ranges  0x00000000000003b8       0x20 obj/USBController_AVR8.o
 .debug_ranges  0x00000000000003d8       0x28 obj/USBInterrupt_AVR8.o
 .debug_ranges  0x0000000000000400      0x128 obj/DeviceStandardReq.o
 .debug_ranges  0x0000000000000528       0x10 obj/Events.o
 .debug_ranges  0x0000000000000538       0x58 obj/USBTask.o
 .debug_ranges  0x0000000000000590       0x98 obj/CDCClassDevice.o
 .debug_ranges  0x0000000000000628       0x38 obj/AX5043.o

.debug_macro
 *(.debug_macro)

.debug_addr
 *(.debug_addr)
OUTPUT(UTR.elf elf32-avr)
LOAD linker stubs

Cross Reference Table

Symbol                                            File
Audio_Device_ConfigureEndpoints                   obj/AudioClassDevice.o
Audio_Device_Event_Stub                           obj/AudioClassDevice.o
Audio_Device_ProcessControlRequest                obj/AudioClassDevice.o
CALLBACK_Audio_Device_GetSetEndpointProperty      obj/AudioClassDevice.o
CALLBACK_Audio_Device_GetSetInterfaceProperty     obj/AudioClassDevice.o
CALLBACK_HIDParser_FilterHIDReportItem            obj/HIDParser.o
CALLBACK_HID_Device_CreateHIDReport               obj/HIDClassDevice.o
CALLBACK_HID_Device_ProcessHIDReport              obj/HIDClassDevice.o
CALLBACK_MS_Device_SCSICommandReceived            obj/MassStorageClassDevice.o
CALLBACK_USB_GetDescriptor                        obj/Descriptors.o
                                                  obj/DeviceStandardReq.o
CDC_Device_BytesReceived                          obj/CDCClassDevice.o
CDC_Device_ConfigureEndpoints                     obj/CDCClassDevice.o
                                                  obj/UTR.o
CDC_Device_CreateBlockingStream                   obj/CDCClassDevice.o
CDC_Device_CreateStream                           obj/CDCClassDevice.o
                                                  obj/UTR.o
CDC_Device_Event_Stub                             obj/CDCClassDevice.o
CDC_Device_Flush                                  obj/CDCClassDevice.o
CDC_Device_ProcessControlRequest                  obj/CDCClassDevice.o
                                                  obj/UTR.o
CDC_Device_ReceiveByte                            obj/CDCClassDevice.o
                                                  obj/UTR.o
CDC_Device_SendByte                               obj/CDCClassDevice.o
CDC_Device_SendControlLineStateChange             obj/CDCClassDevice.o
CDC_Device_SendData                               obj/CDCClassDevice.o
CDC_Device_SendData_P                             obj/CDCClassDevice.o
CDC_Device_SendString                             obj/CDCClassDevice.o
                                                  obj/UTR.o
CDC_Device_SendString_P                           obj/CDCClassDevice.o
CDC_Device_USBTask                                obj/CDCClassDevice.o
                                                  obj/UTR.o
ConfigurationDescriptor                           obj/Descriptors.o
DeviceDescriptor                                  obj/Descriptors.o
EVENT_Audio_Device_StreamStartStop                obj/AudioClassDevice.o
EVENT_CDC_Device_BreakSent                        obj/CDCClassDevice.o
EVENT_CDC_Device_ControLineStateChanged           obj/UTR.o
EVENT_CDC_Device_LineEncodingChanged              obj/CDCClassDevice.o
EVENT_PRNT_Device_SoftReset                       obj/PrinterClassDevice.o
EVENT_USB_Device_ConfigurationChanged             obj/UTR.o
                                                  obj/DeviceStandardReq.o
EVENT_USB_Device_Connect                          obj/UTR.o
                                                  obj/USBInterrupt_AVR8.o
EVENT_USB_Device_ControlRequest                   obj/UTR.o
                                                  obj/DeviceStandardReq.o
EVENT_USB_Device_Disconnect                       obj/UTR.o
                                                  obj/USBInterrupt_AVR8.o
EVENT_USB_Device_Reset                            obj/Events.o
                                                  obj/USBInterrupt_AVR8.o
EVENT_USB_Device_StartOfFrame                     obj/Events.o
                                                  obj/USBInterrupt_AVR8.o
EVENT_USB_Device_Suspend                          obj/Events.o
EVENT_USB_Device_WakeUp                           obj/Events.o
Endpoint_ClearEndpoints                           obj/Endpoint_AVR8.o
Endpoint_ClearStatusStage                         obj/Endpoint_AVR8.o
                                                  obj/PrinterClassDevice.o
                                                  obj/MassStorageClassDevice.o
                                                  obj/HIDClassDevice.o
                                                  obj/CDCClassDevice.o
                                                  obj/AudioClassDevice.o
                                                  obj/DeviceStandardReq.o
Endpoint_ConfigureEndpointTable                   obj/Endpoint_AVR8.o
                                                  obj/RNDISClassDevice.o
                                                  obj/PrinterClassDevice.o
                                                  obj/MIDIClassDevice.o
                                                  obj/MassStorageClassDevice.o
                                                  obj/HIDClassDevice.o
                                                  obj/CDCClassDevice.o
                                                  obj/AudioClassDevice.o
Endpoint_ConfigureEndpoint_Prv                    obj/Endpoint_AVR8.o
                                                  obj/USBInterrupt_AVR8.o
                                                  obj/USBController_AVR8.o
Endpoint_Discard_Stream                           obj/EndpointStream_AVR8.o
Endpoint_Null_Stream                              obj/EndpointStream_AVR8.o
Endpoint_Read_Control_EStream_BE                  obj/EndpointStream_AVR8.o
Endpoint_Read_Control_EStream_LE                  obj/EndpointStream_AVR8.o
Endpoint_Read_Control_Stream_BE                   obj/EndpointStream_AVR8.o
Endpoint_Read_Control_Stream_LE                   obj/EndpointStream_AVR8.o
                                                  obj/RNDISClassDevice.o
                                                  obj/HIDClassDevice.o
                                                  obj/AudioClassDevice.o
Endpoint_Read_EStream_BE                          obj/EndpointStream_AVR8.o
Endpoint_Read_EStream_LE                          obj/EndpointStream_AVR8.o
Endpoint_Read_Stream_BE                           obj/EndpointStream_AVR8.o
Endpoint_Read_Stream_LE                           obj/EndpointStream_AVR8.o
                                                  obj/RNDISClassDevice.o
                                                  obj/MIDIClassDevice.o
                                                  obj/MassStorageClassDevice.o
Endpoint_WaitUntilReady                           obj/Endpoint_AVR8.o
                                                  obj/RNDISClassDevice.o
                                                  obj/PrinterClassDevice.o
                                                  obj/MIDIClassDevice.o
                                                  obj/CDCClassDevice.o
                                                  obj/EndpointStream_AVR8.o
Endpoint_Write_Control_EStream_BE                 obj/EndpointStream_AVR8.o
Endpoint_Write_Control_EStream_LE                 obj/EndpointStream_AVR8.o
Endpoint_Write_Control_PStream_BE                 obj/EndpointStream_AVR8.o
Endpoint_Write_Control_PStream_LE                 obj/EndpointStream_AVR8.o
                                                  obj/DeviceStandardReq.o
Endpoint_Write_Control_Stream_BE                  obj/EndpointStream_AVR8.o
Endpoint_Write_Control_Stream_LE                  obj/EndpointStream_AVR8.o
                                                  obj/RNDISClassDevice.o
                                                  obj/PrinterClassDevice.o
                                                  obj/HIDClassDevice.o
                                                  obj/AudioClassDevice.o
                                                  obj/DeviceStandardReq.o
Endpoint_Write_EStream_BE                         obj/EndpointStream_AVR8.o
Endpoint_Write_EStream_LE                         obj/EndpointStream_AVR8.o
Endpoint_Write_PStream_BE                         obj/EndpointStream_AVR8.o
Endpoint_Write_PStream_LE                         obj/EndpointStream_AVR8.o
                                                  obj/CDCClassDevice.o
Endpoint_Write_Stream_BE                          obj/EndpointStream_AVR8.o
Endpoint_Write_Stream_LE                          obj/EndpointStream_AVR8.o
                                                  obj/RNDISClassDevice.o
                                                  obj/PrinterClassDevice.o
                                                  obj/MIDIClassDevice.o
                                                  obj/MassStorageClassDevice.o
                                                  obj/HIDClassDevice.o
                                                  obj/CDCClassDevice.o
HID_Device_ConfigureEndpoints                     obj/HIDClassDevice.o
HID_Device_ProcessControlRequest                  obj/HIDClassDevice.o
HID_Device_USBTask                                obj/HIDClassDevice.o
LanguageString                                    obj/Descriptors.o
MIDI_Device_ConfigureEndpoints                    obj/MIDIClassDevice.o
MIDI_Device_Flush                                 obj/MIDIClassDevice.o
MIDI_Device_ReceiveEventPacket                    obj/MIDIClassDevice.o
MIDI_Device_SendEventPacket                       obj/MIDIClassDevice.o
MIDI_Device_USBTask                               obj/MIDIClassDevice.o
MS_Device_ConfigureEndpoints                      obj/MassStorageClassDevice.o
MS_Device_ProcessControlRequest                   obj/MassStorageClassDevice.o
MS_Device_USBTask                                 obj/MassStorageClassDevice.o
ManufacturerString                                obj/Descriptors.o
PRNT_Device_BytesReceived                         obj/PrinterClassDevice.o
PRNT_Device_ConfigureEndpoints                    obj/PrinterClassDevice.o
PRNT_Device_CreateBlockingStream                  obj/PrinterClassDevice.o
PRNT_Device_CreateStream                          obj/PrinterClassDevice.o
PRNT_Device_Event_Stub                            obj/PrinterClassDevice.o
PRNT_Device_Flush                                 obj/PrinterClassDevice.o
PRNT_Device_ProcessControlRequest                 obj/PrinterClassDevice.o
PRNT_Device_ReceiveByte                           obj/PrinterClassDevice.o
PRNT_Device_SendByte                              obj/PrinterClassDevice.o
PRNT_Device_SendData                              obj/PrinterClassDevice.o
PRNT_Device_SendString                            obj/PrinterClassDevice.o
PRNT_Device_USBTask                               obj/PrinterClassDevice.o
ProductString                                     obj/Descriptors.o
RNDIS_Device_ConfigureEndpoints                   obj/RNDISClassDevice.o
RNDIS_Device_IsPacketReceived                     obj/RNDISClassDevice.o
RNDIS_Device_ProcessControlRequest                obj/RNDISClassDevice.o
RNDIS_Device_ReadPacket                           obj/RNDISClassDevice.o
RNDIS_Device_SendPacket                           obj/RNDISClassDevice.o
RNDIS_Device_USBTask                              obj/RNDISClassDevice.o
SPI_MasterInit                                    obj/UTR.o
SPI_RW_8                                          obj/UTR.o
                                                  obj/AX5043.o
SPI_RW_A16_R8                                     obj/UTR.o
                                                  obj/AX5043.o
SetupHardware                                     obj/UTR.o
USB_ControlRequest                                obj/USBTask.o
                                                  obj/RNDISClassDevice.o
                                                  obj/PrinterClassDevice.o
                                                  obj/MassStorageClassDevice.o
                                                  obj/HIDClassDevice.o
                                                  obj/CDCClassDevice.o
                                                  obj/AudioClassDevice.o
                                                  obj/DeviceStandardReq.o
                                                  obj/Endpoint_AVR8.o
                                                  obj/EndpointStream_AVR8.o
USB_DeviceState                                   obj/USBTask.o
                                                  obj/RNDISClassDevice.o
                                                  obj/PrinterClassDevice.o
                                                  obj/MIDIClassDevice.o
                                                  obj/MassStorageClassDevice.o
                                                  obj/HIDClassDevice.o
                                                  obj/CDCClassDevice.o
                                                  obj/DeviceStandardReq.o
                                                  obj/USBInterrupt_AVR8.o
                                                  obj/USBController_AVR8.o
                                                  obj/Endpoint_AVR8.o
                                                  obj/EndpointStream_AVR8.o
USB_Device_ConfigurationNumber                    obj/DeviceStandardReq.o
                                                  obj/USBInterrupt_AVR8.o
                                                  obj/USBController_AVR8.o
USB_Device_CurrentlySelfPowered                   obj/DeviceStandardReq.o
                                                  obj/USBController_AVR8.o
USB_Device_ProcessControlRequest                  obj/DeviceStandardReq.o
                                                  obj/USBTask.o
                                                  obj/USBInterrupt_AVR8.o
USB_Device_RemoteWakeupEnabled                    obj/DeviceStandardReq.o
                                                  obj/USBController_AVR8.o
USB_Device_SendRemoteWakeup                       obj/Device_AVR8.o
USB_Disable                                       obj/USBController_AVR8.o
USB_Event_Stub                                    obj/Events.o
USB_GetHIDReportItemInfo                          obj/HIDParser.o
USB_GetHIDReportSize                              obj/HIDParser.o
USB_GetNextDescriptorComp                         obj/ConfigDescriptors.o
USB_GetNextDescriptorOfType                       obj/ConfigDescriptors.o
USB_GetNextDescriptorOfTypeAfter                  obj/ConfigDescriptors.o
USB_GetNextDescriptorOfTypeBefore                 obj/ConfigDescriptors.o
USB_INT_ClearAllInterrupts                        obj/USBInterrupt_AVR8.o
                                                  obj/USBController_AVR8.o
USB_INT_DisableAllInterrupts                      obj/USBInterrupt_AVR8.o
                                                  obj/USBController_AVR8.o
USB_Init                                          obj/USBController_AVR8.o
                                                  obj/UTR.o
USB_IsInitialized                                 obj/USBTask.o
                                                  obj/USBController_AVR8.o
USB_ProcessHIDReport                              obj/HIDParser.o
USB_ResetInterface                                obj/USBController_AVR8.o
USB_SetHIDReportItemInfo                          obj/HIDParser.o
USB_USBTask                                       obj/USBTask.o
                                                  obj/PrinterClassDevice.o
                                                  obj/CDCClassDevice.o
                                                  obj/UTR.o
USBint                                            obj/UTR.o
VirtualSerial_CDC_Interface                       obj/UTR.o
__bad_interrupt                                   /usr/lib/gcc/avr/7.3.0/../../../../avr/lib/avr35/crtatmega32u2.o
__bss_end                                         /usr/lib/gcc/avr/7.3.0/avr35/libgcc.a(_clear_bss.o)
__bss_start                                       /usr/lib/gcc/avr/7.3.0/avr35/libgcc.a(_clear_bss.o)
__data_end                                        /usr/lib/gcc/avr/7.3.0/avr35/libgcc.a(_copy_data.o)
__data_load_start                                 /usr/lib/gcc/avr/7.3.0/avr35/libgcc.a(_copy_data.o)
__data_start                                      /usr/lib/gcc/avr/7.3.0/avr35/libgcc.a(_copy_data.o)
__do_clear_bss                                    /usr/lib/gcc/avr/7.3.0/avr35/libgcc.a(_clear_bss.o)
                                                  obj/USBTask.o
                                                  obj/DeviceStandardReq.o
                                                  obj/UTR.o
__do_copy_data                                    /usr/lib/gcc/avr/7.3.0/avr35/libgcc.a(_copy_data.o)
                                                  obj/RNDISClassDevice.o
                                                  obj/CDCClassDevice.o
                                                  obj/UTR.o
__epilogue_restores__                             /usr/lib/gcc/avr/7.3.0/avr35/libgcc.a(_epilogue.o)
                                                  /usr/lib/gcc/avr/7.3.0/../../../../avr/lib/avr35/libc.a(fputs.o)
__heap_end                                        /usr/lib/gcc/avr/7.3.0/../../../../avr/lib/avr35/crtatmega32u2.o
__init                                            /usr/lib/gcc/avr/7.3.0/../../../../avr/lib/avr35/crtatmega32u2.o
__itoa                                            /usr/lib/gcc/avr/7.3.0/../../../../avr/lib/avr35/libc.a(itoa.o)
__itoa_ncheck                                     /usr/lib/gcc/avr/7.3.0/../../../../avr/lib/avr35/libc.a(itoa_ncheck.o)
                                                  /usr/lib/gcc/avr/7.3.0/../../../../avr/lib/avr35/libc.a(itoa.o)
__mulhi3                                          /usr/lib/gcc/avr/7.3.0/avr35/libgcc.a(_mulhi3.o)
                                                  obj/HIDParser.o
__stack                                           /usr/lib/gcc/avr/7.3.0/../../../../avr/lib/avr35/crtatmega32u2.o
__strlen_P                                        /usr/lib/gcc/avr/7.3.0/../../../../avr/lib/avr35/libc.a(strlen_P.o)
                                                  obj/CDCClassDevice.o
__utoa_common                                     /usr/lib/gcc/avr/7.3.0/../../../../avr/lib/avr35/libc.a(utoa_ncheck.o)
                                                  /usr/lib/gcc/avr/7.3.0/../../../../avr/lib/avr35/libc.a(itoa_ncheck.o)
__utoa_ncheck                                     /usr/lib/gcc/avr/7.3.0/../../../../avr/lib/avr35/libc.a(utoa_ncheck.o)
__vector_1                                        /usr/lib/gcc/avr/7.3.0/../../../../avr/lib/avr35/crtatmega32u2.o
__vector_10                                       /usr/lib/gcc/avr/7.3.0/../../../../avr/lib/avr35/crtatmega32u2.o
__vector_11                                       obj/USBInterrupt_AVR8.o
                                                  /usr/lib/gcc/avr/7.3.0/../../../../avr/lib/avr35/crtatmega32u2.o
__vector_12                                       obj/USBInterrupt_AVR8.o
                                                  /usr/lib/gcc/avr/7.3.0/../../../../avr/lib/avr35/crtatmega32u2.o
__vector_13                                       /usr/lib/gcc/avr/7.3.0/../../../../avr/lib/avr35/crtatmega32u2.o
__vector_14                                       /usr/lib/gcc/avr/7.3.0/../../../../avr/lib/avr35/crtatmega32u2.o
__vector_15                                       /usr/lib/gcc/avr/7.3.0/../../../../avr/lib/avr35/crtatmega32u2.o
__vector_16                                       /usr/lib/gcc/avr/7.3.0/../../../../avr/lib/avr35/crtatmega32u2.o
__vector_17                                       /usr/lib/gcc/avr/7.3.0/../../../../avr/lib/avr35/crtatmega32u2.o
__vector_18                                       /usr/lib/gcc/avr/7.3.0/../../../../avr/lib/avr35/crtatmega32u2.o
__vector_19                                       /usr/lib/gcc/avr/7.3.0/../../../../avr/lib/avr35/crtatmega32u2.o
__vector_2                                        /usr/lib/gcc/avr/7.3.0/../../../../avr/lib/avr35/crtatmega32u2.o
__vector_20                                       /usr/lib/gcc/avr/7.3.0/../../../../avr/lib/avr35/crtatmega32u2.o
__vector_21                                       obj/UTR.o
                                                  /usr/lib/gcc/avr/7.3.0/../../../../avr/lib/avr35/crtatmega32u2.o
__vector_22                                       /usr/lib/gcc/avr/7.3.0/../../../../avr/lib/avr35/crtatmega32u2.o
__vector_23                                       /usr/lib/gcc/avr/7.3.0/../../../../avr/lib/avr35/crtatmega32u2.o
__vector_24                                       /usr/lib/gcc/avr/7.3.0/../../../../avr/lib/avr35/crtatmega32u2.o
__vector_25                                       /usr/lib/gcc/avr/7.3.0/../../../../avr/lib/avr35/crtatmega32u2.o
__vector_26                                       /usr/lib/gcc/avr/7.3.0/../../../../avr/lib/avr35/crtatmega32u2.o
__vector_27                                       /usr/lib/gcc/avr/7.3.0/../../../../avr/lib/avr35/crtatmega32u2.o
__vector_28                                       /usr/lib/gcc/avr/7.3.0/../../../../avr/lib/avr35/crtatmega32u2.o
__vector_3                                        /usr/lib/gcc/avr/7.3.0/../../../../avr/lib/avr35/crtatmega32u2.o
__vector_4                                        /usr/lib/gcc/avr/7.3.0/../../../../avr/lib/avr35/crtatmega32u2.o
__vector_5                                        /usr/lib/gcc/avr/7.3.0/../../../../avr/lib/avr35/crtatmega32u2.o
__vector_6                                        /usr/lib/gcc/avr/7.3.0/../../../../avr/lib/avr35/crtatmega32u2.o
__vector_7                                        /usr/lib/gcc/avr/7.3.0/../../../../avr/lib/avr35/crtatmega32u2.o
__vector_8                                        /usr/lib/gcc/avr/7.3.0/../../../../avr/lib/avr35/crtatmega32u2.o
__vector_9                                        /usr/lib/gcc/avr/7.3.0/../../../../avr/lib/avr35/crtatmega32u2.o
__vector_default                                  /usr/lib/gcc/avr/7.3.0/../../../../avr/lib/avr35/crtatmega32u2.o
__vectors                                         /usr/lib/gcc/avr/7.3.0/../../../../avr/lib/avr35/crtatmega32u2.o
_exit                                             /usr/lib/gcc/avr/7.3.0/avr35/libgcc.a(_exit.o)
ax5043_power_up                                   obj/AX5043.o
ax_autorange                                      obj/AX5043.o
ax_bootup                                         obj/AX5043.o
ax_check_comms                                    obj/AX5043.o
                                                  obj/UTR.o
ax_read_packet                                    obj/AX5043.o
ax_send_data                                      obj/AX5043.o
                                                  obj/UTR.o
eeprom_read_byte                                  /usr/lib/gcc/avr/7.3.0/../../../../avr/lib/avr35/libatmega32u2.a(eerd_byte.o)
                                                  obj/EndpointStream_AVR8.o
eeprom_update_byte                                /usr/lib/gcc/avr/7.3.0/../../../../avr/lib/avr35/libatmega32u2.a(eeupd_byte.o)
                                                  obj/EndpointStream_AVR8.o
eeprom_update_r18                                 /usr/lib/gcc/avr/7.3.0/../../../../avr/lib/avr35/libatmega32u2.a(eeupd_byte.o)
exit                                              /usr/lib/gcc/avr/7.3.0/avr35/libgcc.a(_exit.o)
                                                  /usr/lib/gcc/avr/7.3.0/../../../../avr/lib/avr35/crtatmega32u2.o
fputc                                             /usr/lib/gcc/avr/7.3.0/../../../../avr/lib/avr35/libc.a(fputc.o)
                                                  obj/UTR.o
fputs                                             /usr/lib/gcc/avr/7.3.0/../../../../avr/lib/avr35/libc.a(fputs.o)
                                                  obj/UTR.o
itoa                                              /usr/lib/gcc/avr/7.3.0/../../../../avr/lib/avr35/libc.a(itoa.o)
                                                  obj/UTR.o
lufaPrintInt                                      obj/UTR.o
main                                              obj/UTR.o
                                                  /usr/lib/gcc/avr/7.3.0/../../../../avr/lib/avr35/crtatmega32u2.o
memcmp                                            /usr/lib/gcc/avr/7.3.0/../../../../avr/lib/avr35/libc.a(memcmp.o)
                                                  obj/HIDClassDevice.o
memcpy                                            /usr/lib/gcc/avr/7.3.0/../../../../avr/lib/avr35/libc.a(memcpy.o)
                                                  obj/RNDISClassDevice.o
                                                  obj/HIDClassDevice.o
memcpy_P                                          /usr/lib/gcc/avr/7.3.0/../../../../avr/lib/avr35/libc.a(memcpy_P.o)
                                                  obj/RNDISClassDevice.o
memset                                            /usr/lib/gcc/avr/7.3.0/../../../../avr/lib/avr35/libc.a(memset.o)
                                                  obj/HIDClassDevice.o
sendSerial                                        obj/UTR.o
strrev                                            /usr/lib/gcc/avr/7.3.0/../../../../avr/lib/avr35/libc.a(strrev.o)
                                                  /usr/lib/gcc/avr/7.3.0/../../../../avr/lib/avr35/libc.a(utoa_ncheck.o)
transferData                                      obj/UTR.o
