Archive member included to satisfy reference by file (symbol)

/usr/lib/gcc/avr/4.9.2/../../../avr/lib/avr35/libm.a(addsf3.o)
                              obj/UTR.o (__subsf3)
/usr/lib/gcc/avr/4.9.2/../../../avr/lib/avr35/libm.a(addsf3x.o)
                              /usr/lib/gcc/avr/4.9.2/../../../avr/lib/avr35/libm.a(addsf3.o) (__addsf3x)
/usr/lib/gcc/avr/4.9.2/../../../avr/lib/avr35/libm.a(divsf3.o)
                              obj/UTR.o (__divsf3)
/usr/lib/gcc/avr/4.9.2/../../../avr/lib/avr35/libm.a(divsf3x.o)
                              /usr/lib/gcc/avr/4.9.2/../../../avr/lib/avr35/libm.a(divsf3.o) (__divsf3x)
/usr/lib/gcc/avr/4.9.2/../../../avr/lib/avr35/libm.a(fixsfsi.o)
                              obj/UTR.o (__fixsfsi)
/usr/lib/gcc/avr/4.9.2/../../../avr/lib/avr35/libm.a(fixunssfsi.o)
                              /usr/lib/gcc/avr/4.9.2/../../../avr/lib/avr35/libm.a(fixsfsi.o) (__fixunssfsi)
/usr/lib/gcc/avr/4.9.2/../../../avr/lib/avr35/libm.a(floatsisf.o)
                              obj/UTR.o (__floatunsisf)
/usr/lib/gcc/avr/4.9.2/../../../avr/lib/avr35/libm.a(fp_inf.o)
                              /usr/lib/gcc/avr/4.9.2/../../../avr/lib/avr35/libm.a(addsf3x.o) (__fp_inf)
/usr/lib/gcc/avr/4.9.2/../../../avr/lib/avr35/libm.a(fp_nan.o)
                              /usr/lib/gcc/avr/4.9.2/../../../avr/lib/avr35/libm.a(addsf3x.o) (__fp_nan)
/usr/lib/gcc/avr/4.9.2/../../../avr/lib/avr35/libm.a(fp_pscA.o)
                              /usr/lib/gcc/avr/4.9.2/../../../avr/lib/avr35/libm.a(addsf3x.o) (__fp_pscA)
/usr/lib/gcc/avr/4.9.2/../../../avr/lib/avr35/libm.a(fp_pscB.o)
                              /usr/lib/gcc/avr/4.9.2/../../../avr/lib/avr35/libm.a(addsf3x.o) (__fp_pscB)
/usr/lib/gcc/avr/4.9.2/../../../avr/lib/avr35/libm.a(fp_round.o)
                              /usr/lib/gcc/avr/4.9.2/../../../avr/lib/avr35/libm.a(addsf3.o) (__fp_round)
/usr/lib/gcc/avr/4.9.2/../../../avr/lib/avr35/libm.a(fp_split3.o)
                              /usr/lib/gcc/avr/4.9.2/../../../avr/lib/avr35/libm.a(addsf3x.o) (__fp_split3)
/usr/lib/gcc/avr/4.9.2/../../../avr/lib/avr35/libm.a(fp_zero.o)
                              /usr/lib/gcc/avr/4.9.2/../../../avr/lib/avr35/libm.a(addsf3x.o) (__fp_zero)
/usr/lib/gcc/avr/4.9.2/../../../avr/lib/avr35/libm.a(mulsf3.o)
                              obj/UTR.o (__mulsf3)
/usr/lib/gcc/avr/4.9.2/../../../avr/lib/avr35/libm.a(mulsf3x.o)
                              /usr/lib/gcc/avr/4.9.2/../../../avr/lib/avr35/libm.a(mulsf3.o) (__mulsf3x)
/usr/lib/gcc/avr/4.9.2/avr35/libgcc.a(_mulhi3.o)
                              obj/UTR.o (__mulhi3)
/usr/lib/gcc/avr/4.9.2/avr35/libgcc.a(_exit.o)
                              /usr/lib/gcc/avr/4.9.2/../../../avr/lib/avr35/crtatmega16u2.o (exit)
/usr/lib/gcc/avr/4.9.2/avr35/libgcc.a(_copy_data.o)
                              obj/UTR.o (__do_copy_data)
/usr/lib/gcc/avr/4.9.2/avr35/libgcc.a(_clear_bss.o)
                              obj/UTR.o (__do_clear_bss)
/usr/lib/gcc/avr/4.9.2/../../../avr/lib/avr35/libc.a(memcpy_P.o)
                              obj/RNDISClassDevice.o (memcpy_P)
/usr/lib/gcc/avr/4.9.2/../../../avr/lib/avr35/libc.a(strlen_P.o)
                              obj/CDCClassDevice.o (__strlen_P)
/usr/lib/gcc/avr/4.9.2/../../../avr/lib/avr35/libc.a(memcmp.o)
                              obj/HIDClassDevice.o (memcmp)
/usr/lib/gcc/avr/4.9.2/../../../avr/lib/avr35/libc.a(memcpy.o)
                              obj/HIDClassDevice.o (memcpy)
/usr/lib/gcc/avr/4.9.2/../../../avr/lib/avr35/libc.a(memset.o)
                              obj/HIDClassDevice.o (memset)
/usr/lib/gcc/avr/4.9.2/../../../avr/lib/avr35/libc.a(itoa.o)
                              obj/UTR.o (itoa)
/usr/lib/gcc/avr/4.9.2/../../../avr/lib/avr35/libc.a(itoa_ncheck.o)
                              /usr/lib/gcc/avr/4.9.2/../../../avr/lib/avr35/libc.a(itoa.o) (__itoa_ncheck)
/usr/lib/gcc/avr/4.9.2/../../../avr/lib/avr35/libc.a(utoa_ncheck.o)
                              /usr/lib/gcc/avr/4.9.2/../../../avr/lib/avr35/libc.a(itoa_ncheck.o) (__utoa_common)
/usr/lib/gcc/avr/4.9.2/../../../avr/lib/avr35/libc.a(fputc.o)
                              obj/UTR.o (fputc)
/usr/lib/gcc/avr/4.9.2/../../../avr/lib/avr35/libc.a(fputs.o)
                              obj/UTR.o (fputs)
/usr/lib/gcc/avr/4.9.2/../../../avr/lib/avr35/libc.a(strrev.o)
                              /usr/lib/gcc/avr/4.9.2/../../../avr/lib/avr35/libc.a(utoa_ncheck.o) (strrev)
/usr/lib/gcc/avr/4.9.2/../../../avr/lib/avr35/libatmega16u2.a(eerd_byte.o)
                              obj/EndpointStream_AVR8.o (eeprom_read_byte)
/usr/lib/gcc/avr/4.9.2/../../../avr/lib/avr35/libatmega16u2.a(eeupd_byte.o)
                              obj/EndpointStream_AVR8.o (eeprom_update_byte)
/usr/lib/gcc/avr/4.9.2/avr35/libgcc.a(_epilogue.o)
                              /usr/lib/gcc/avr/4.9.2/../../../avr/lib/avr35/libc.a(fputs.o) (__epilogue_restores__)

Allocating common symbols
[...]
Memory Configuration

Name             Origin             Length             Attributes
text             0x0000000000000000 0x0000000000010000 xr
data             0x0000000000800060 0x000000000000ffa0 rw !x
eeprom           0x0000000000810000 0x0000000000010000 rw !x
fuse             0x0000000000820000 0x0000000000000400 rw !x
lock             0x0000000000830000 0x0000000000000400 rw !x
signature        0x0000000000840000 0x0000000000000400 rw !x
user_signatures  0x0000000000850000 0x0000000000000400 rw !x
*default*        0x0000000000000000 0xffffffffffffffff

Linker script and memory map

Address of section .data set to 0x800100
LOAD /usr/lib/gcc/avr/4.9.2/../../../avr/lib/avr35/crtatmega16u2.o
LOAD obj/UTR.o
LOAD obj/Descriptors.o
LOAD obj/HIDParser.o
LOAD obj/Device_AVR8.o
LOAD obj/EndpointStream_AVR8.o
LOAD obj/Endpoint_AVR8.o
LOAD obj/Host_AVR8.o
LOAD obj/PipeStream_AVR8.o
LOAD obj/Pipe_AVR8.o
LOAD obj/USBController_AVR8.o
LOAD obj/USBInterrupt_AVR8.o
LOAD obj/ConfigDescriptors.o
LOAD obj/DeviceStandardReq.o
LOAD obj/Events.o
LOAD obj/HostStandardReq.o
LOAD obj/USBTask.o
LOAD obj/AudioClassDevice.o
LOAD obj/CDCClassDevice.o
LOAD obj/HIDClassDevice.o
LOAD obj/MassStorageClassDevice.o
LOAD obj/MIDIClassDevice.o
LOAD obj/PrinterClassDevice.o
LOAD obj/RNDISClassDevice.o
LOAD obj/AndroidAccessoryClassHost.o
LOAD obj/AudioClassHost.o
LOAD obj/CDCClassHost.o
LOAD obj/HIDClassHost.o
LOAD obj/MassStorageClassHost.o
LOAD obj/MIDIClassHost.o
LOAD obj/PrinterClassHost.o
LOAD obj/RNDISClassHost.o
LOAD obj/StillImageClassHost.o
LOAD /usr/lib/gcc/avr/4.9.2/../../../avr/lib/avr35/libm.a
START GROUP
LOAD /usr/lib/gcc/avr/4.9.2/avr35/libgcc.a
LOAD /usr/lib/gcc/avr/4.9.2/../../../avr/lib/avr35/libm.a
LOAD /usr/lib/gcc/avr/4.9.2/../../../avr/lib/avr35/libc.a
LOAD /usr/lib/gcc/avr/4.9.2/../../../avr/lib/avr35/libatmega16u2.a
END GROUP
                0x0000000000010000                __TEXT_REGION_LENGTH__ = DEFINED (__TEXT_REGION_LENGTH__)?__TEXT_REGION_LENGTH__:0x10000
                0x000000000000ffa0                __DATA_REGION_LENGTH__ = DEFINED (__DATA_REGION_LENGTH__)?__DATA_REGION_LENGTH__:0xffa0
                0x0000000000010000                __EEPROM_REGION_LENGTH__ = DEFINED (__EEPROM_REGION_LENGTH__)?__EEPROM_REGION_LENGTH__:0x10000
                0x0000000000000400                __FUSE_REGION_LENGTH__ = DEFINED (__FUSE_REGION_LENGTH__)?__FUSE_REGION_LENGTH__:0x400
                0x0000000000000400                __LOCK_REGION_LENGTH__ = DEFINED (__LOCK_REGION_LENGTH__)?__LOCK_REGION_LENGTH__:0x400
                0x0000000000000400                __SIGNATURE_REGION_LENGTH__ = DEFINED (__SIGNATURE_REGION_LENGTH__)?__SIGNATURE_REGION_LENGTH__:0x400
                0x0000000000000400                __USER_SIGNATURE_REGION_LENGTH__ = DEFINED (__USER_SIGNATURE_REGION_LENGTH__)?__USER_SIGNATURE_REGION_LENGTH__:0x400

.hash
 *(.hash)

.dynsym
 *(.dynsym)

.dynstr
 *(.dynstr)

.gnu.version
 *(.gnu.version)

.gnu.version_d
 *(.gnu.version_d)

.gnu.version_r
 *(.gnu.version_r)

.rel.init
 *(.rel.init)

.rela.init
 *(.rela.init)

.rel.text
 *(.rel.text)
 *(.rel.text.*)
 *(.rel.gnu.linkonce.t*)

.rela.text
 *(.rela.text)
 *(.rela.text.*)
 *(.rela.gnu.linkonce.t*)

.rel.fini
 *(.rel.fini)

.rela.fini
 *(.rela.fini)

.rel.rodata
 *(.rel.rodata)
 *(.rel.rodata.*)
 *(.rel.gnu.linkonce.r*)

.rela.rodata
 *(.rela.rodata)
 *(.rela.rodata.*)
 *(.rela.gnu.linkonce.r*)

.rel.data
 *(.rel.data)
 *(.rel.data.*)
 *(.rel.gnu.linkonce.d*)

.rela.data
 *(.rela.data)
 *(.rela.data.*)
 *(.rela.gnu.linkonce.d*)

.rel.ctors
 *(.rel.ctors)

.rela.ctors
 *(.rela.ctors)

.rel.dtors
 *(.rel.dtors)

.rela.dtors
 *(.rela.dtors)

.rel.got
 *(.rel.got)

.rela.got
 *(.rela.got)

.rel.bss
 *(.rel.bss)

.rela.bss
 *(.rela.bss)

.rel.plt
 *(.rel.plt)

.rela.plt
 *(.rela.plt)

.text           0x0000000000000000     0x1924
 *(.vectors)
 .vectors       0x0000000000000000       0x74 /usr/lib/gcc/avr/4.9.2/../../../avr/lib/avr35/crtatmega16u2.o
                0x0000000000000000                __vectors
                0x0000000000000000                __vector_default
 *(.vectors)
 *(.progmem.gcc*)
                0x0000000000000074                . = ALIGN (0x2)
                0x0000000000000074                __trampolines_start = .
 *(.trampolines)
 .trampolines   0x0000000000000074        0x0 linker stubs
 *(.trampolines*)
                0x0000000000000074                __trampolines_end = .
 *libprintf_flt.a:*(.progmem.data)
 *libc.a:*(.progmem.data)
 *(.progmem*)
 .progmem.data  0x0000000000000074       0x78 obj/Descriptors.o
                0x0000000000000074                ProductString
                0x000000000000008c                ManufacturerString
                0x0000000000000098                LanguageString
                0x000000000000009c                ConfigurationDescriptor
                0x00000000000000da                DeviceDescriptor
                0x00000000000000ec                . = ALIGN (0x2)
 *(.jumptables)
 *(.jumptables*)
 *(.lowtext)
 *(.lowtext*)
                0x00000000000000ec                __ctors_start = .
 *(.ctors)
                0x00000000000000ec                __ctors_end = .
                0x00000000000000ec                __dtors_start = .
 *(.dtors)
                0x00000000000000ec                __dtors_end = .
 SORT(*)(.ctors)
 SORT(*)(.dtors)
 *(.init0)
 .init0         0x00000000000000ec        0x0 /usr/lib/gcc/avr/4.9.2/../../../avr/lib/avr35/crtatmega16u2.o
                0x00000000000000ec                __init
 *(.init0)
 *(.init1)
 *(.init1)
 *(.init2)
 .init2         0x00000000000000ec        0xc /usr/lib/gcc/avr/4.9.2/../../../avr/lib/avr35/crtatmega16u2.o
 *(.init2)
 *(.init3)
 *(.init3)
 *(.init4)
 .init4         0x00000000000000f8       0x16 /usr/lib/gcc/avr/4.9.2/avr35/libgcc.a(_copy_data.o)
                0x00000000000000f8                __do_copy_data
 .init4         0x000000000000010e       0x10 /usr/lib/gcc/avr/4.9.2/avr35/libgcc.a(_clear_bss.o)
                0x000000000000010e                __do_clear_bss
 *(.init4)
 *(.init5)
 *(.init5)
 *(.init6)
 *(.init6)
 *(.init7)
 *(.init7)
 *(.init8)
 *(.init8)
 *(.init9)
 .init9         0x000000000000011e        0x6 /usr/lib/gcc/avr/4.9.2/../../../avr/lib/avr35/crtatmega16u2.o
 *(.init9)
 *(.text)
 .text          0x0000000000000124        0x2 /usr/lib/gcc/avr/4.9.2/../../../avr/lib/avr35/crtatmega16u2.o
                0x0000000000000124                __vector_22
                0x0000000000000124                __vector_28
                0x0000000000000124                __vector_1
                0x0000000000000124                __vector_24
                0x0000000000000124                __bad_interrupt
                0x0000000000000124                __vector_6
                0x0000000000000124                __vector_3
                0x0000000000000124                __vector_25
                0x0000000000000124                __vector_13
                0x0000000000000124                __vector_17
                0x0000000000000124                __vector_19
                0x0000000000000124                __vector_7
                0x0000000000000124                __vector_27
                0x0000000000000124                __vector_5
                0x0000000000000124                __vector_4
                0x0000000000000124                __vector_9
                0x0000000000000124                __vector_2
                0x0000000000000124                __vector_21
                0x0000000000000124                __vector_15
                0x0000000000000124                __vector_8
                0x0000000000000124                __vector_26
                0x0000000000000124                __vector_14
                0x0000000000000124                __vector_10
                0x0000000000000124                __vector_16
                0x0000000000000124                __vector_18
                0x0000000000000124                __vector_20
                0x0000000000000126                . = ALIGN (0x2)
 *(.text.*)
 .text.SetupHardware
                0x0000000000000126       0x30 obj/UTR.o
                0x0000000000000126                SetupHardware
 .text.EVENT_USB_Device_Connect
                0x0000000000000156        0x2 obj/UTR.o
                0x0000000000000156                EVENT_USB_Device_Connect
 .text.EVENT_USB_Device_Disconnect
                0x0000000000000158        0x2 obj/UTR.o
                0x0000000000000158                EVENT_USB_Device_Disconnect
 .text.EVENT_USB_Device_ConfigurationChanged
                0x000000000000015a        0x6 obj/UTR.o
                0x000000000000015a                EVENT_USB_Device_ConfigurationChanged
 .text.EVENT_USB_Device_ControlRequest
                0x0000000000000160        0x8 obj/UTR.o
                0x0000000000000160                EVENT_USB_Device_ControlRequest
 .text.EVENT_CDC_Device_ControLineStateChanged
                0x0000000000000168        0x2 obj/UTR.o
                0x0000000000000168                EVENT_CDC_Device_ControLineStateChanged
 .text.uart1_init
                0x000000000000016a       0x20 obj/UTR.o
                0x000000000000016a                uart1_init
 .text.enable_RX_int
                0x000000000000018a        0xc obj/UTR.o
                0x000000000000018a                enable_RX_int
 .text.lufaPrintInt
                0x0000000000000196       0x5e obj/UTR.o
                0x0000000000000196                lufaPrintInt
 .text.__vector_23
                0x00000000000001f4       0xfc obj/UTR.o
                0x00000000000001f4                __vector_23
 .text.startup.main
                0x00000000000002f0      0x4aa obj/UTR.o
                0x00000000000002f0                main
 .text.CALLBACK_USB_GetDescriptor
                0x000000000000079a       0x64 obj/Descriptors.o
                0x000000000000079a                CALLBACK_USB_GetDescriptor
 .text.Endpoint_Write_Control_Stream_LE
                0x00000000000007fe       0xc0 obj/EndpointStream_AVR8.o
                0x00000000000007fe                Endpoint_Write_Control_Stream_LE
 .text.Endpoint_Write_Control_PStream_LE
                0x00000000000008be       0xbc obj/EndpointStream_AVR8.o
                0x00000000000008be                Endpoint_Write_Control_PStream_LE
 .text.Endpoint_ConfigureEndpoint_Prv
                0x000000000000097a       0x6a obj/Endpoint_AVR8.o
                0x000000000000097a                Endpoint_ConfigureEndpoint_Prv
 .text.Endpoint_ConfigureEndpointTable
                0x00000000000009e4       0x92 obj/Endpoint_AVR8.o
                0x00000000000009e4                Endpoint_ConfigureEndpointTable
 .text.Endpoint_ClearStatusStage
                0x0000000000000a76       0x3e obj/Endpoint_AVR8.o
                0x0000000000000a76                Endpoint_ClearStatusStage
 .text.Endpoint_WaitUntilReady
                0x0000000000000ab4       0x64 obj/Endpoint_AVR8.o
                0x0000000000000ab4                Endpoint_WaitUntilReady
 .text.USB_ResetInterface
                0x0000000000000b18       0x70 obj/USBController_AVR8.o
                0x0000000000000b18                USB_ResetInterface
 .text.USB_Init
                0x0000000000000b88       0x12 obj/USBController_AVR8.o
                0x0000000000000b88                USB_Init
 .text.USB_INT_DisableAllInterrupts
                0x0000000000000b9a        0x6 obj/USBInterrupt_AVR8.o
                0x0000000000000b9a                USB_INT_DisableAllInterrupts
 .text.USB_INT_ClearAllInterrupts
                0x0000000000000ba0        0x6 obj/USBInterrupt_AVR8.o
                0x0000000000000ba0                USB_INT_ClearAllInterrupts
 .text.__vector_11
                0x0000000000000ba6      0x150 obj/USBInterrupt_AVR8.o
                0x0000000000000ba6                __vector_11
 .text.__vector_12
                0x0000000000000cf6       0x86 obj/USBInterrupt_AVR8.o
                0x0000000000000cf6                __vector_12
 .text.USB_Device_ProcessControlRequest
                0x0000000000000d7c      0x2b6 obj/DeviceStandardReq.o
                0x0000000000000d7c                USB_Device_ProcessControlRequest
 .text.USB_Event_Stub
                0x0000000000001032        0x2 obj/Events.o
                0x0000000000001032                EVENT_USB_Device_WakeUp
                0x0000000000001032                USB_Event_Stub
                0x0000000000001032                EVENT_USB_Device_Suspend
                0x0000000000001032                EVENT_USB_Device_StartOfFrame
                0x0000000000001032                EVENT_USB_Device_Reset
 .text.USB_USBTask
                0x0000000000001034       0x34 obj/USBTask.o
                0x0000000000001034                USB_USBTask
 .text.CDC_Device_ConfigureEndpoints
                0x0000000000001068       0x4a obj/CDCClassDevice.o
                0x0000000000001068                CDC_Device_ConfigureEndpoints
 .text.CDC_Device_SendByte
                0x00000000000010b2       0x56 obj/CDCClassDevice.o
                0x00000000000010b2                CDC_Device_SendByte
 .text.CDC_Device_putchar
                0x0000000000001108       0x20 obj/CDCClassDevice.o
 .text.CDC_Device_Flush
                0x0000000000001128       0x54 obj/CDCClassDevice.o
                0x0000000000001128                CDC_Device_Flush
 .text.CDC_Device_USBTask
                0x000000000000117c       0x2c obj/CDCClassDevice.o
                0x000000000000117c                CDC_Device_USBTask
 .text.CDC_Device_ReceiveByte
                0x00000000000011a8       0x5a obj/CDCClassDevice.o
                0x00000000000011a8                CDC_Device_ReceiveByte
 .text.CDC_Device_getchar
                0x0000000000001202       0x12 obj/CDCClassDevice.o
 .text.CDC_Device_CreateStream
                0x0000000000001214       0x26 obj/CDCClassDevice.o
                0x0000000000001214                CDC_Device_CreateStream
 .text.CDC_Device_Event_Stub
                0x000000000000123a        0x2 obj/CDCClassDevice.o
                0x000000000000123a                EVENT_CDC_Device_LineEncodingChanged
                0x000000000000123a                EVENT_CDC_Device_BreakSent
                0x000000000000123a                CDC_Device_Event_Stub
 .text.CDC_Device_ProcessControlRequest
                0x000000000000123c      0x162 obj/CDCClassDevice.o
                0x000000000000123c                CDC_Device_ProcessControlRequest
 .text.avr-libc.fplib
                0x000000000000139e        0xa /usr/lib/gcc/avr/4.9.2/../../../avr/lib/avr35/libm.a(addsf3.o)
                0x000000000000139e                __subsf3
                0x00000000000013a0                __addsf3
 .text.avr-libc.fplib
                0x00000000000013a8       0xc0 /usr/lib/gcc/avr/4.9.2/../../../avr/lib/avr35/libm.a(addsf3x.o)
                0x00000000000013c2                __addsf3x
 .text.avr-libc.fplib
                0x0000000000001468        0x4 /usr/lib/gcc/avr/4.9.2/../../../avr/lib/avr35/libm.a(divsf3.o)
                0x0000000000001468                __divsf3
 .text.avr-libc.fplib
                0x000000000000146c       0xcc /usr/lib/gcc/avr/4.9.2/../../../avr/lib/avr35/libm.a(divsf3x.o)
                0x0000000000001482                __divsf3x
                0x0000000000001486                __divsf3_pse
 .text.avr-libc.fplib
                0x0000000000001538        0xa /usr/lib/gcc/avr/4.9.2/../../../avr/lib/avr35/libm.a(fixsfsi.o)
                0x0000000000001538                __fixsfsi
 .text.avr-libc.fplib
                0x0000000000001542       0x58 /usr/lib/gcc/avr/4.9.2/../../../avr/lib/avr35/libm.a(fixunssfsi.o)
                0x0000000000001542                __fixunssfsi
 .text.avr-libc.fplib
                0x000000000000159a       0x7a /usr/lib/gcc/avr/4.9.2/../../../avr/lib/avr35/libm.a(floatsisf.o)
                0x000000000000159a                __floatunsisf
                0x000000000000159e                __floatsisf
 .text.avr-libc.fplib
                0x0000000000001614        0xc /usr/lib/gcc/avr/4.9.2/../../../avr/lib/avr35/libm.a(fp_inf.o)
                0x0000000000001614                __fp_inf
 .text.avr-libc.fplib
                0x0000000000001620        0x6 /usr/lib/gcc/avr/4.9.2/../../../avr/lib/avr35/libm.a(fp_nan.o)
                0x0000000000001620                __fp_nan
 .text.avr-libc.fplib
                0x0000000000001626        0xe /usr/lib/gcc/avr/4.9.2/../../../avr/lib/avr35/libm.a(fp_pscA.o)
                0x0000000000001626                __fp_pscA
 .text.avr-libc.fplib
                0x0000000000001634        0xe /usr/lib/gcc/avr/4.9.2/../../../avr/lib/avr35/libm.a(fp_pscB.o)
                0x0000000000001634                __fp_pscB
 .text.avr-libc.fplib
                0x0000000000001642       0x22 /usr/lib/gcc/avr/4.9.2/../../../avr/lib/avr35/libm.a(fp_round.o)
                0x0000000000001642                __fp_round
 .text.avr-libc.fplib
                0x0000000000001664       0x44 /usr/lib/gcc/avr/4.9.2/../../../avr/lib/avr35/libm.a(fp_split3.o)
                0x0000000000001664                __fp_split3
                0x0000000000001674                __fp_splitA
 .text.avr-libc.fplib
                0x00000000000016a8        0xe /usr/lib/gcc/avr/4.9.2/../../../avr/lib/avr35/libm.a(fp_zero.o)
                0x00000000000016a8                __fp_zero
                0x00000000000016aa                __fp_szero
 .text.avr-libc.fplib
                0x00000000000016b6        0x4 /usr/lib/gcc/avr/4.9.2/../../../avr/lib/avr35/libm.a(mulsf3.o)
                0x00000000000016b6                __mulsf3
 .text.avr-libc.fplib
                0x00000000000016ba       0xd2 /usr/lib/gcc/avr/4.9.2/../../../avr/lib/avr35/libm.a(mulsf3x.o)
                0x00000000000016cc                __mulsf3x
                0x00000000000016d0                __mulsf3_pse
 .text.libgcc.mul
                0x000000000000178c       0x22 /usr/lib/gcc/avr/4.9.2/avr35/libgcc.a(_mulhi3.o)
                0x000000000000178c                __mulhi3
 .text.avr-libc
                0x00000000000017ae       0x14 /usr/lib/gcc/avr/4.9.2/../../../avr/lib/avr35/libc.a(itoa.o)
                0x00000000000017ae                itoa
                0x00000000000017ae                __itoa
 .text.avr-libc
                0x00000000000017c2       0x14 /usr/lib/gcc/avr/4.9.2/../../../avr/lib/avr35/libc.a(itoa_ncheck.o)
                0x00000000000017c2                __itoa_ncheck
 .text.avr-libc
                0x00000000000017d6       0x32 /usr/lib/gcc/avr/4.9.2/../../../avr/lib/avr35/libc.a(utoa_ncheck.o)
                0x00000000000017d6                __utoa_ncheck
                0x00000000000017d8                __utoa_common
 .text.avr-libc
                0x0000000000001808       0x70 /usr/lib/gcc/avr/4.9.2/../../../avr/lib/avr35/libc.a(fputc.o)
                0x0000000000001808                fputc
 .text.avr-libc
                0x0000000000001878       0x52 /usr/lib/gcc/avr/4.9.2/../../../avr/lib/avr35/libc.a(fputs.o)
                0x0000000000001878                fputs
 .text.avr-libc
                0x00000000000018ca       0x20 /usr/lib/gcc/avr/4.9.2/../../../avr/lib/avr35/libc.a(strrev.o)
                0x00000000000018ca                strrev
 .text.libgcc.prologue
                0x00000000000018ea       0x36 /usr/lib/gcc/avr/4.9.2/avr35/libgcc.a(_epilogue.o)
                0x00000000000018ea                __epilogue_restores__
                0x0000000000001920                . = ALIGN (0x2)
 *(.fini9)
 .fini9         0x0000000000001920        0x0 /usr/lib/gcc/avr/4.9.2/avr35/libgcc.a(_exit.o)
                0x0000000000001920                exit
                0x0000000000001920                _exit
 *(.fini9)
 *(.fini8)
 *(.fini8)
 *(.fini7)
 *(.fini7)
 *(.fini6)
 *(.fini6)
 *(.fini5)
 *(.fini5)
 *(.fini4)
 *(.fini4)
 *(.fini3)
 *(.fini3)
 *(.fini2)
 *(.fini2)
 *(.fini1)
 *(.fini1)
 *(.fini0)
 .fini0         0x0000000000001920        0x4 /usr/lib/gcc/avr/4.9.2/avr35/libgcc.a(_exit.o)
 *(.fini0)
                0x0000000000001924                _etext = .

.data           0x0000000000800100       0x32 load address 0x0000000000001924
                0x0000000000800100                PROVIDE (__data_start, .)
 *(.data)
 .data          0x0000000000800100       0x1b obj/UTR.o
                0x0000000000800100                VirtualSerial_CDC_Interface
 *(.data*)
 *(.rodata)
 *(.rodata*)
 .rodata.str1.1
                0x000000000080011b       0x17 obj/UTR.o
 *(.gnu.linkonce.d*)
                0x0000000000800132                . = ALIGN (0x2)
                0x0000000000800132                _edata = .
                0x0000000000800132                PROVIDE (__data_end, .)

.bss            0x0000000000800132       0x58
                0x0000000000800132                PROVIDE (__bss_start, .)
 *(.bss)
 .bss           0x0000000000800132       0x4b obj/UTR.o
                0x0000000000800132                gpsBufferIndex
                0x0000000000800134                gpsBuffer
                0x000000000080016b                gpsParseData
                0x000000000080016c                gpsSM
                0x000000000080016e                USBint
 *(.bss*)
 *(COMMON)
 COMMON         0x000000000080017d        0x3 obj/DeviceStandardReq.o
                0x000000000080017d                USB_Device_ConfigurationNumber
                0x000000000080017e                USB_Device_CurrentlySelfPowered
                0x000000000080017f                USB_Device_RemoteWakeupEnabled
 COMMON         0x0000000000800180        0xa obj/USBTask.o
                0x0000000000800180                USB_IsInitialized
                0x0000000000800181                USB_DeviceState
                0x0000000000800182                USB_ControlRequest
                0x000000000080018a                PROVIDE (__bss_end, .)
                0x0000000000001924                __data_load_start = LOADADDR (.data)
                0x0000000000001956                __data_load_end = (__data_load_start + SIZEOF (.data))

.noinit         0x000000000080018a        0x0
                [!provide]                        PROVIDE (__noinit_start, .)
 *(.noinit*)
                [!provide]                        PROVIDE (__noinit_end, .)
                0x000000000080018a                _end = .
                [!provide]                        PROVIDE (__heap_start, .)

.eeprom         0x0000000000810000        0x0
 *(.eeprom*)
                0x0000000000810000                __eeprom_end = .

.fuse
 *(.fuse)
 *(.lfuse)
 *(.hfuse)
 *(.efuse)

.lock
 *(.lock*)

.signature
 *(.signature*)

.user_signatures
 *(.user_signatures*)

.stab
 *(.stab)

.stabstr
 *(.stabstr)

.stab.excl
 *(.stab.excl)

.stab.exclstr
 *(.stab.exclstr)

.stab.index
 *(.stab.index)

.stab.indexstr
 *(.stab.indexstr)

.comment        0x0000000000000000       0x11
 *(.comment)
 .comment       0x0000000000000000       0x11 obj/UTR.o
                                         0x12 (size before relaxing)
 .comment       0x0000000000000011       0x12 obj/Descriptors.o
 .comment       0x0000000000000011       0x12 obj/EndpointStream_AVR8.o
 .comment       0x0000000000000011       0x12 obj/Endpoint_AVR8.o
 .comment       0x0000000000000011       0x12 obj/USBController_AVR8.o
 .comment       0x0000000000000011       0x12 obj/USBInterrupt_AVR8.o
 .comment       0x0000000000000011       0x12 obj/DeviceStandardReq.o
 .comment       0x0000000000000011       0x12 obj/Events.o
 .comment       0x0000000000000011       0x12 obj/USBTask.o
 .comment       0x0000000000000011       0x12 obj/CDCClassDevice.o
 .comment       0x0000000000000011       0x12 /usr/lib/gcc/avr/4.9.2/../../../avr/lib/avr35/libc.a(fputc.o)
 .comment       0x0000000000000011       0x12 /usr/lib/gcc/avr/4.9.2/../../../avr/lib/avr35/libc.a(fputs.o)

.note.gnu.avr.deviceinfo
                0x0000000000000000       0x40
 .note.gnu.avr.deviceinfo
                0x0000000000000000       0x40 /usr/lib/gcc/avr/4.9.2/../../../avr/lib/avr35/crtatmega16u2.o

.note.gnu.build-id
 *(.note.gnu.build-id)

.debug
 *(.debug)

.line
 *(.line)

.debug_srcinfo
 *(.debug_srcinfo)

.debug_sfnames
 *(.debug_sfnames)

.debug_aranges  0x0000000000000000      0x340
 *(.debug_aranges)
 .debug_aranges
                0x0000000000000000       0xa8 obj/UTR.o
 .debug_aranges
                0x00000000000000a8       0x20 obj/Descriptors.o
 .debug_aranges
                0x00000000000000c8       0xc8 obj/EndpointStream_AVR8.o
 .debug_aranges
                0x0000000000000190       0x40 obj/Endpoint_AVR8.o
 .debug_aranges
                0x00000000000001d0       0x30 obj/USBController_AVR8.o
 .debug_aranges
                0x0000000000000200       0x38 obj/USBInterrupt_AVR8.o
 .debug_aranges
                0x0000000000000238       0x20 obj/DeviceStandardReq.o
 .debug_aranges
                0x0000000000000258       0x20 obj/Events.o
 .debug_aranges
                0x0000000000000278       0x20 obj/USBTask.o
 .debug_aranges
                0x0000000000000298       0xa8 obj/CDCClassDevice.o

.debug_pubnames
 *(.debug_pubnames)

.debug_info     0x0000000000000000     0x5acd
 *(.debug_info .gnu.linkonce.wi.*)
 .debug_info    0x0000000000000000      0xc57 obj/UTR.o
 .debug_info    0x0000000000000c57      0x78b obj/Descriptors.o
 .debug_info    0x00000000000013e2     0x17d6 obj/EndpointStream_AVR8.o
 .debug_info    0x0000000000002bb8      0x614 obj/Endpoint_AVR8.o
 .debug_info    0x00000000000031cc      0x46a obj/USBController_AVR8.o
 .debug_info    0x0000000000003636      0x70c obj/USBInterrupt_AVR8.o
 .debug_info    0x0000000000003d42      0xa78 obj/DeviceStandardReq.o
 .debug_info    0x00000000000047ba       0x78 obj/Events.o
 .debug_info    0x0000000000004832      0x26b obj/USBTask.o
 .debug_info    0x0000000000004a9d     0x1030 obj/CDCClassDevice.o

.debug_abbrev   0x0000000000000000     0x15dc
 *(.debug_abbrev)
 .debug_abbrev  0x0000000000000000      0x3f1 obj/UTR.o
 .debug_abbrev  0x00000000000003f1      0x14e obj/Descriptors.o
 .debug_abbrev  0x000000000000053f      0x204 obj/EndpointStream_AVR8.o
 .debug_abbrev  0x0000000000000743      0x213 obj/Endpoint_AVR8.o
 .debug_abbrev  0x0000000000000956      0x18d obj/USBController_AVR8.o
 .debug_abbrev  0x0000000000000ae3      0x23e obj/USBInterrupt_AVR8.o
 .debug_abbrev  0x0000000000000d21      0x2c9 obj/DeviceStandardReq.o
 .debug_abbrev  0x0000000000000fea       0x44 obj/Events.o
 .debug_abbrev  0x000000000000102e      0x168 obj/USBTask.o
 .debug_abbrev  0x0000000000001196      0x446 obj/CDCClassDevice.o

.debug_line     0x0000000000000000     0x356a
 *(.debug_line .debug_line.* .debug_line_end)
 .debug_line    0x0000000000000000      0x644 obj/UTR.o
 .debug_line    0x0000000000000644      0x1bf obj/Descriptors.o
 .debug_line    0x0000000000000803     0x13ad obj/EndpointStream_AVR8.o
 .debug_line    0x0000000000001bb0      0x461 obj/Endpoint_AVR8.o
 .debug_line    0x0000000000002011      0x287 obj/USBController_AVR8.o
 .debug_line    0x0000000000002298      0x45c obj/USBInterrupt_AVR8.o
 .debug_line    0x00000000000026f4      0x44d obj/DeviceStandardReq.o
 .debug_line    0x0000000000002b41       0x4f obj/Events.o
 .debug_line    0x0000000000002b90      0x14b obj/USBTask.o
 .debug_line    0x0000000000002cdb      0x88f obj/CDCClassDevice.o

.debug_frame    0x0000000000000000      0x958
 *(.debug_frame)
 .debug_frame   0x0000000000000000      0x1a0 obj/UTR.o
 .debug_frame   0x00000000000001a0       0x24 obj/Descriptors.o
 .debug_frame   0x00000000000001c4      0x3bc obj/EndpointStream_AVR8.o
 .debug_frame   0x0000000000000580       0x84 obj/Endpoint_AVR8.o
 .debug_frame   0x0000000000000604       0x44 obj/USBController_AVR8.o
 .debug_frame   0x0000000000000648       0xec obj/USBInterrupt_AVR8.o
 .debug_frame   0x0000000000000734       0x3c obj/DeviceStandardReq.o
 .debug_frame   0x0000000000000770       0x24 obj/Events.o
 .debug_frame   0x0000000000000794       0x2c obj/USBTask.o
 .debug_frame   0x00000000000007c0      0x198 obj/CDCClassDevice.o

.debug_str      0x0000000000000000     0x246b
 *(.debug_str)
 .debug_str     0x0000000000000000      0x6ed obj/UTR.o
                                        0x785 (size before relaxing)
 .debug_str     0x00000000000006ed      0x972 obj/Descriptors.o
                                        0xb9b (size before relaxing)
 .debug_str     0x000000000000105f      0x67a obj/EndpointStream_AVR8.o
                                        0x88e (size before relaxing)
 .debug_str     0x00000000000016d9      0x2d3 obj/Endpoint_AVR8.o
                                        0x64e (size before relaxing)
 .debug_str     0x00000000000019ac      0x261 obj/USBController_AVR8.o
                                        0x564 (size before relaxing)
 .debug_str     0x0000000000001c0d      0x12e obj/USBInterrupt_AVR8.o
                                        0x5b9 (size before relaxing)
 .debug_str     0x0000000000001d3b      0x41b obj/DeviceStandardReq.o
                                        0xa00 (size before relaxing)
 .debug_str     0x0000000000002156       0x31 obj/Events.o
                                        0x1d2 (size before relaxing)
 .debug_str     0x0000000000002187       0x3f obj/USBTask.o
                                        0x3b3 (size before relaxing)
 .debug_str     0x00000000000021c6      0x2a5 obj/CDCClassDevice.o
                                        0xaa0 (size before relaxing)

.debug_loc      0x0000000000000000     0x399c
 *(.debug_loc)
 .debug_loc     0x0000000000000000      0x47c obj/UTR.o
 .debug_loc     0x000000000000047c      0x186 obj/Descriptors.o
 .debug_loc     0x0000000000000602     0x1e78 obj/EndpointStream_AVR8.o
 .debug_loc     0x000000000000247a      0x3df obj/Endpoint_AVR8.o
 .debug_loc     0x0000000000002859      0x33b obj/USBInterrupt_AVR8.o
 .debug_loc     0x0000000000002b94      0x306 obj/DeviceStandardReq.o
 .debug_loc     0x0000000000002e9a       0x49 obj/USBTask.o
 .debug_loc     0x0000000000002ee3      0xab9 obj/CDCClassDevice.o

.debug_macinfo
 *(.debug_macinfo)

.debug_weaknames
 *(.debug_weaknames)

.debug_funcnames
 *(.debug_funcnames)

.debug_typenames
 *(.debug_typenames)

.debug_varnames
 *(.debug_varnames)

.debug_pubtypes
 *(.debug_pubtypes)

.debug_ranges   0x0000000000000000      0x470
 *(.debug_ranges)
 .debug_ranges  0x0000000000000000       0xb0 obj/UTR.o
 .debug_ranges  0x00000000000000b0       0x10 obj/Descriptors.o
 .debug_ranges  0x00000000000000c0      0x1f8 obj/EndpointStream_AVR8.o
 .debug_ranges  0x00000000000002b8       0x78 obj/Endpoint_AVR8.o
 .debug_ranges  0x0000000000000330       0x20 obj/USBController_AVR8.o
 .debug_ranges  0x0000000000000350       0x40 obj/USBInterrupt_AVR8.o
 .debug_ranges  0x0000000000000390       0x28 obj/DeviceStandardReq.o
 .debug_ranges  0x00000000000003b8       0x10 obj/Events.o
 .debug_ranges  0x00000000000003c8       0x10 obj/USBTask.o
 .debug_ranges  0x00000000000003d8       0x98 obj/CDCClassDevice.o

.debug_macro
 *(.debug_macro)
OUTPUT(UTR.elf elf32-avr)
LOAD linker stubs

Cross Reference Table

Symbol                                            File
Audio_Device_ConfigureEndpoints                   obj/AudioClassDevice.o
Audio_Device_Event_Stub                           obj/AudioClassDevice.o
Audio_Device_ProcessControlRequest                obj/AudioClassDevice.o
CALLBACK_Audio_Device_GetSetEndpointProperty      obj/AudioClassDevice.o
CALLBACK_Audio_Device_GetSetInterfaceProperty     obj/AudioClassDevice.o
CALLBACK_HIDParser_FilterHIDReportItem            obj/HIDParser.o
CALLBACK_HID_Device_CreateHIDReport               obj/HIDClassDevice.o
CALLBACK_HID_Device_ProcessHIDReport              obj/HIDClassDevice.o
CALLBACK_MS_Device_SCSICommandReceived            obj/MassStorageClassDevice.o
CALLBACK_USB_GetDescriptor                        obj/Descriptors.o
                                                  obj/DeviceStandardReq.o
CDC_Device_BytesReceived                          obj/CDCClassDevice.o
CDC_Device_ConfigureEndpoints                     obj/CDCClassDevice.o
                                                  obj/UTR.o
CDC_Device_CreateBlockingStream                   obj/CDCClassDevice.o
CDC_Device_CreateStream                           obj/CDCClassDevice.o
                                                  obj/UTR.o
CDC_Device_Event_Stub                             obj/CDCClassDevice.o
CDC_Device_Flush                                  obj/CDCClassDevice.o
CDC_Device_ProcessControlRequest                  obj/CDCClassDevice.o
                                                  obj/UTR.o
CDC_Device_ReceiveByte                            obj/CDCClassDevice.o
                                                  obj/UTR.o
CDC_Device_SendByte                               obj/CDCClassDevice.o
CDC_Device_SendControlLineStateChange             obj/CDCClassDevice.o
CDC_Device_SendData                               obj/CDCClassDevice.o
CDC_Device_SendData_P                             obj/CDCClassDevice.o
CDC_Device_SendString                             obj/CDCClassDevice.o
CDC_Device_SendString_P                           obj/CDCClassDevice.o
CDC_Device_USBTask                                obj/CDCClassDevice.o
                                                  obj/UTR.o
ConfigurationDescriptor                           obj/Descriptors.o
DeviceDescriptor                                  obj/Descriptors.o
EVENT_Audio_Device_StreamStartStop                obj/AudioClassDevice.o
EVENT_CDC_Device_BreakSent                        obj/CDCClassDevice.o
EVENT_CDC_Device_ControLineStateChanged           obj/UTR.o
EVENT_CDC_Device_LineEncodingChanged              obj/CDCClassDevice.o
EVENT_PRNT_Device_SoftReset                       obj/PrinterClassDevice.o
EVENT_USB_Device_ConfigurationChanged             obj/UTR.o
                                                  obj/DeviceStandardReq.o
EVENT_USB_Device_Connect                          obj/UTR.o
                                                  obj/USBInterrupt_AVR8.o
EVENT_USB_Device_ControlRequest                   obj/UTR.o
                                                  obj/DeviceStandardReq.o
EVENT_USB_Device_Disconnect                       obj/UTR.o
                                                  obj/USBInterrupt_AVR8.o
EVENT_USB_Device_Reset                            obj/Events.o
                                                  obj/USBInterrupt_AVR8.o
EVENT_USB_Device_StartOfFrame                     obj/Events.o
                                                  obj/USBInterrupt_AVR8.o
EVENT_USB_Device_Suspend                          obj/Events.o
EVENT_USB_Device_WakeUp                           obj/Events.o
Endpoint_ClearEndpoints                           obj/Endpoint_AVR8.o
Endpoint_ClearStatusStage                         obj/Endpoint_AVR8.o
                                                  obj/PrinterClassDevice.o
                                                  obj/MassStorageClassDevice.o
                                                  obj/HIDClassDevice.o
                                                  obj/CDCClassDevice.o
                                                  obj/AudioClassDevice.o
                                                  obj/DeviceStandardReq.o
Endpoint_ConfigureEndpointTable                   obj/Endpoint_AVR8.o
                                                  obj/RNDISClassDevice.o
                                                  obj/PrinterClassDevice.o
                                                  obj/MIDIClassDevice.o
                                                  obj/MassStorageClassDevice.o
                                                  obj/HIDClassDevice.o
                                                  obj/CDCClassDevice.o
                                                  obj/AudioClassDevice.o
Endpoint_ConfigureEndpoint_Prv                    obj/Endpoint_AVR8.o
                                                  obj/USBInterrupt_AVR8.o
                                                  obj/USBController_AVR8.o
Endpoint_Discard_Stream                           obj/EndpointStream_AVR8.o
Endpoint_Null_Stream                              obj/EndpointStream_AVR8.o
Endpoint_Read_Control_EStream_BE                  obj/EndpointStream_AVR8.o
Endpoint_Read_Control_EStream_LE                  obj/EndpointStream_AVR8.o
Endpoint_Read_Control_Stream_BE                   obj/EndpointStream_AVR8.o
Endpoint_Read_Control_Stream_LE                   obj/EndpointStream_AVR8.o
                                                  obj/RNDISClassDevice.o
                                                  obj/HIDClassDevice.o
                                                  obj/AudioClassDevice.o
Endpoint_Read_EStream_BE                          obj/EndpointStream_AVR8.o
Endpoint_Read_EStream_LE                          obj/EndpointStream_AVR8.o
Endpoint_Read_Stream_BE                           obj/EndpointStream_AVR8.o
Endpoint_Read_Stream_LE                           obj/EndpointStream_AVR8.o
                                                  obj/RNDISClassDevice.o
                                                  obj/MIDIClassDevice.o
                                                  obj/MassStorageClassDevice.o
Endpoint_WaitUntilReady                           obj/Endpoint_AVR8.o
                                                  obj/RNDISClassDevice.o
                                                  obj/PrinterClassDevice.o
                                                  obj/MIDIClassDevice.o
                                                  obj/CDCClassDevice.o
                                                  obj/EndpointStream_AVR8.o
Endpoint_Write_Control_EStream_BE                 obj/EndpointStream_AVR8.o
Endpoint_Write_Control_EStream_LE                 obj/EndpointStream_AVR8.o
Endpoint_Write_Control_PStream_BE                 obj/EndpointStream_AVR8.o
Endpoint_Write_Control_PStream_LE                 obj/EndpointStream_AVR8.o
                                                  obj/DeviceStandardReq.o
Endpoint_Write_Control_Stream_BE                  obj/EndpointStream_AVR8.o
Endpoint_Write_Control_Stream_LE                  obj/EndpointStream_AVR8.o
                                                  obj/RNDISClassDevice.o
                                                  obj/PrinterClassDevice.o
                                                  obj/HIDClassDevice.o
                                                  obj/AudioClassDevice.o
                                                  obj/DeviceStandardReq.o
Endpoint_Write_EStream_BE                         obj/EndpointStream_AVR8.o
Endpoint_Write_EStream_LE                         obj/EndpointStream_AVR8.o
Endpoint_Write_PStream_BE                         obj/EndpointStream_AVR8.o
Endpoint_Write_PStream_LE                         obj/EndpointStream_AVR8.o
                                                  obj/CDCClassDevice.o
Endpoint_Write_Stream_BE                          obj/EndpointStream_AVR8.o
Endpoint_Write_Stream_LE                          obj/EndpointStream_AVR8.o
                                                  obj/RNDISClassDevice.o
                                                  obj/PrinterClassDevice.o
                                                  obj/MIDIClassDevice.o
                                                  obj/MassStorageClassDevice.o
                                                  obj/HIDClassDevice.o
                                                  obj/CDCClassDevice.o
HID_Device_ConfigureEndpoints                     obj/HIDClassDevice.o
HID_Device_ProcessControlRequest                  obj/HIDClassDevice.o
HID_Device_USBTask                                obj/HIDClassDevice.o
LanguageString                                    obj/Descriptors.o
MIDI_Device_ConfigureEndpoints                    obj/MIDIClassDevice.o
MIDI_Device_Flush                                 obj/MIDIClassDevice.o
MIDI_Device_ReceiveEventPacket                    obj/MIDIClassDevice.o
MIDI_Device_SendEventPacket                       obj/MIDIClassDevice.o
MIDI_Device_USBTask                               obj/MIDIClassDevice.o
MS_Device_ConfigureEndpoints                      obj/MassStorageClassDevice.o
MS_Device_ProcessControlRequest                   obj/MassStorageClassDevice.o
MS_Device_USBTask                                 obj/MassStorageClassDevice.o
ManufacturerString                                obj/Descriptors.o
PRNT_Device_BytesReceived                         obj/PrinterClassDevice.o
PRNT_Device_ConfigureEndpoints                    obj/PrinterClassDevice.o
PRNT_Device_CreateBlockingStream                  obj/PrinterClassDevice.o
PRNT_Device_CreateStream                          obj/PrinterClassDevice.o
PRNT_Device_Event_Stub                            obj/PrinterClassDevice.o
PRNT_Device_Flush                                 obj/PrinterClassDevice.o
PRNT_Device_ProcessControlRequest                 obj/PrinterClassDevice.o
PRNT_Device_ReceiveByte                           obj/PrinterClassDevice.o
PRNT_Device_SendByte                              obj/PrinterClassDevice.o
PRNT_Device_SendData                              obj/PrinterClassDevice.o
PRNT_Device_SendString                            obj/PrinterClassDevice.o
PRNT_Device_USBTask                               obj/PrinterClassDevice.o
ProductString                                     obj/Descriptors.o
RNDIS_Device_ConfigureEndpoints                   obj/RNDISClassDevice.o
RNDIS_Device_IsPacketReceived                     obj/RNDISClassDevice.o
RNDIS_Device_ProcessControlRequest                obj/RNDISClassDevice.o
RNDIS_Device_ReadPacket                           obj/RNDISClassDevice.o
RNDIS_Device_SendPacket                           obj/RNDISClassDevice.o
RNDIS_Device_USBTask                              obj/RNDISClassDevice.o
SetupHardware                                     obj/UTR.o
USB_ControlRequest                                obj/USBTask.o
                                                  obj/RNDISClassDevice.o
                                                  obj/PrinterClassDevice.o
                                                  obj/MassStorageClassDevice.o
                                                  obj/HIDClassDevice.o
                                                  obj/CDCClassDevice.o
                                                  obj/AudioClassDevice.o
                                                  obj/DeviceStandardReq.o
                                                  obj/Endpoint_AVR8.o
                                                  obj/EndpointStream_AVR8.o
USB_DeviceState                                   obj/USBTask.o
                                                  obj/RNDISClassDevice.o
                                                  obj/PrinterClassDevice.o
                                                  obj/MIDIClassDevice.o
                                                  obj/MassStorageClassDevice.o
                                                  obj/HIDClassDevice.o
                                                  obj/CDCClassDevice.o
                                                  obj/DeviceStandardReq.o
                                                  obj/USBInterrupt_AVR8.o
                                                  obj/USBController_AVR8.o
                                                  obj/Endpoint_AVR8.o
                                                  obj/EndpointStream_AVR8.o
USB_Device_ConfigurationNumber                    obj/DeviceStandardReq.o
                                                  obj/USBInterrupt_AVR8.o
                                                  obj/USBController_AVR8.o
USB_Device_CurrentlySelfPowered                   obj/DeviceStandardReq.o
                                                  obj/USBController_AVR8.o
USB_Device_ProcessControlRequest                  obj/DeviceStandardReq.o
                                                  obj/USBTask.o
                                                  obj/USBInterrupt_AVR8.o
USB_Device_RemoteWakeupEnabled                    obj/DeviceStandardReq.o
                                                  obj/USBController_AVR8.o
USB_Device_SendRemoteWakeup                       obj/Device_AVR8.o
USB_Disable                                       obj/USBController_AVR8.o
USB_Event_Stub                                    obj/Events.o
USB_GetHIDReportItemInfo                          obj/HIDParser.o
USB_GetHIDReportSize                              obj/HIDParser.o
USB_GetNextDescriptorComp                         obj/ConfigDescriptors.o
USB_GetNextDescriptorOfType                       obj/ConfigDescriptors.o
USB_GetNextDescriptorOfTypeAfter                  obj/ConfigDescriptors.o
USB_GetNextDescriptorOfTypeBefore                 obj/ConfigDescriptors.o
USB_INT_ClearAllInterrupts                        obj/USBInterrupt_AVR8.o
                                                  obj/USBController_AVR8.o
USB_INT_DisableAllInterrupts                      obj/USBInterrupt_AVR8.o
                                                  obj/USBController_AVR8.o
USB_Init                                          obj/USBController_AVR8.o
                                                  obj/UTR.o
USB_IsInitialized                                 obj/USBTask.o
                                                  obj/USBController_AVR8.o
USB_ProcessHIDReport                              obj/HIDParser.o
USB_ResetInterface                                obj/USBController_AVR8.o
USB_SetHIDReportItemInfo                          obj/HIDParser.o
USB_USBTask                                       obj/USBTask.o
                                                  obj/PrinterClassDevice.o
                                                  obj/CDCClassDevice.o
                                                  obj/UTR.o
USBint                                            obj/UTR.o
VirtualSerial_CDC_Interface                       obj/UTR.o
__addsf3                                          /usr/lib/gcc/avr/4.9.2/../../../avr/lib/avr35/libm.a(addsf3.o)
                                                  obj/UTR.o
__addsf3x                                         /usr/lib/gcc/avr/4.9.2/../../../avr/lib/avr35/libm.a(addsf3x.o)
                                                  /usr/lib/gcc/avr/4.9.2/../../../avr/lib/avr35/libm.a(addsf3.o)
__bad_interrupt                                   /usr/lib/gcc/avr/4.9.2/../../../avr/lib/avr35/crtatmega16u2.o
__bss_end                                         /usr/lib/gcc/avr/4.9.2/avr35/libgcc.a(_clear_bss.o)
__bss_start                                       /usr/lib/gcc/avr/4.9.2/avr35/libgcc.a(_clear_bss.o)
__data_end                                        /usr/lib/gcc/avr/4.9.2/avr35/libgcc.a(_copy_data.o)
__data_load_start                                 /usr/lib/gcc/avr/4.9.2/avr35/libgcc.a(_copy_data.o)
__data_start                                      /usr/lib/gcc/avr/4.9.2/avr35/libgcc.a(_copy_data.o)
__divsf3                                          /usr/lib/gcc/avr/4.9.2/../../../avr/lib/avr35/libm.a(divsf3.o)
                                                  obj/UTR.o
__divsf3_pse                                      /usr/lib/gcc/avr/4.9.2/../../../avr/lib/avr35/libm.a(divsf3x.o)
__divsf3x                                         /usr/lib/gcc/avr/4.9.2/../../../avr/lib/avr35/libm.a(divsf3x.o)
                                                  /usr/lib/gcc/avr/4.9.2/../../../avr/lib/avr35/libm.a(divsf3.o)
__do_clear_bss                                    /usr/lib/gcc/avr/4.9.2/avr35/libgcc.a(_clear_bss.o)
                                                  obj/USBTask.o
                                                  obj/DeviceStandardReq.o
                                                  obj/UTR.o
__do_copy_data                                    /usr/lib/gcc/avr/4.9.2/avr35/libgcc.a(_copy_data.o)
                                                  obj/RNDISClassDevice.o
                                                  obj/CDCClassDevice.o
                                                  obj/UTR.o
__epilogue_restores__                             /usr/lib/gcc/avr/4.9.2/avr35/libgcc.a(_epilogue.o)
                                                  /usr/lib/gcc/avr/4.9.2/../../../avr/lib/avr35/libc.a(fputs.o)
__fixsfsi                                         /usr/lib/gcc/avr/4.9.2/../../../avr/lib/avr35/libm.a(fixsfsi.o)
                                                  obj/UTR.o
__fixunssfsi                                      /usr/lib/gcc/avr/4.9.2/../../../avr/lib/avr35/libm.a(fixunssfsi.o)
                                                  /usr/lib/gcc/avr/4.9.2/../../../avr/lib/avr35/libm.a(fixsfsi.o)
__floatsisf                                       /usr/lib/gcc/avr/4.9.2/../../../avr/lib/avr35/libm.a(floatsisf.o)
                                                  obj/UTR.o
__floatunsisf                                     /usr/lib/gcc/avr/4.9.2/../../../avr/lib/avr35/libm.a(floatsisf.o)
                                                  obj/UTR.o
__fp_inf                                          /usr/lib/gcc/avr/4.9.2/../../../avr/lib/avr35/libm.a(fp_inf.o)
                                                  /usr/lib/gcc/avr/4.9.2/../../../avr/lib/avr35/libm.a(mulsf3x.o)
                                                  /usr/lib/gcc/avr/4.9.2/../../../avr/lib/avr35/libm.a(divsf3x.o)
                                                  /usr/lib/gcc/avr/4.9.2/../../../avr/lib/avr35/libm.a(addsf3x.o)
__fp_nan                                          /usr/lib/gcc/avr/4.9.2/../../../avr/lib/avr35/libm.a(fp_nan.o)
                                                  /usr/lib/gcc/avr/4.9.2/../../../avr/lib/avr35/libm.a(mulsf3x.o)
                                                  /usr/lib/gcc/avr/4.9.2/../../../avr/lib/avr35/libm.a(divsf3x.o)
                                                  /usr/lib/gcc/avr/4.9.2/../../../avr/lib/avr35/libm.a(addsf3x.o)
__fp_pscA                                         /usr/lib/gcc/avr/4.9.2/../../../avr/lib/avr35/libm.a(fp_pscA.o)
                                                  /usr/lib/gcc/avr/4.9.2/../../../avr/lib/avr35/libm.a(mulsf3x.o)
                                                  /usr/lib/gcc/avr/4.9.2/../../../avr/lib/avr35/libm.a(divsf3x.o)
                                                  /usr/lib/gcc/avr/4.9.2/../../../avr/lib/avr35/libm.a(addsf3x.o)
__fp_pscB                                         /usr/lib/gcc/avr/4.9.2/../../../avr/lib/avr35/libm.a(fp_pscB.o)
                                                  /usr/lib/gcc/avr/4.9.2/../../../avr/lib/avr35/libm.a(mulsf3x.o)
                                                  /usr/lib/gcc/avr/4.9.2/../../../avr/lib/avr35/libm.a(divsf3x.o)
                                                  /usr/lib/gcc/avr/4.9.2/../../../avr/lib/avr35/libm.a(addsf3x.o)
__fp_round                                        /usr/lib/gcc/avr/4.9.2/../../../avr/lib/avr35/libm.a(fp_round.o)
                                                  /usr/lib/gcc/avr/4.9.2/../../../avr/lib/avr35/libm.a(mulsf3.o)
                                                  /usr/lib/gcc/avr/4.9.2/../../../avr/lib/avr35/libm.a(divsf3.o)
                                                  /usr/lib/gcc/avr/4.9.2/../../../avr/lib/avr35/libm.a(addsf3.o)
__fp_split3                                       /usr/lib/gcc/avr/4.9.2/../../../avr/lib/avr35/libm.a(fp_split3.o)
                                                  /usr/lib/gcc/avr/4.9.2/../../../avr/lib/avr35/libm.a(mulsf3x.o)
                                                  /usr/lib/gcc/avr/4.9.2/../../../avr/lib/avr35/libm.a(divsf3x.o)
                                                  /usr/lib/gcc/avr/4.9.2/../../../avr/lib/avr35/libm.a(addsf3x.o)
__fp_splitA                                       /usr/lib/gcc/avr/4.9.2/../../../avr/lib/avr35/libm.a(fp_split3.o)
                                                  /usr/lib/gcc/avr/4.9.2/../../../avr/lib/avr35/libm.a(fixunssfsi.o)
__fp_szero                                        /usr/lib/gcc/avr/4.9.2/../../../avr/lib/avr35/libm.a(fp_zero.o)
                                                  /usr/lib/gcc/avr/4.9.2/../../../avr/lib/avr35/libm.a(mulsf3x.o)
                                                  /usr/lib/gcc/avr/4.9.2/../../../avr/lib/avr35/libm.a(fixsfsi.o)
                                                  /usr/lib/gcc/avr/4.9.2/../../../avr/lib/avr35/libm.a(divsf3x.o)
__fp_zero                                         /usr/lib/gcc/avr/4.9.2/../../../avr/lib/avr35/libm.a(fp_zero.o)
                                                  /usr/lib/gcc/avr/4.9.2/../../../avr/lib/avr35/libm.a(fixunssfsi.o)
                                                  /usr/lib/gcc/avr/4.9.2/../../../avr/lib/avr35/libm.a(addsf3x.o)
__heap_end                                        /usr/lib/gcc/avr/4.9.2/../../../avr/lib/avr35/crtatmega16u2.o
__init                                            /usr/lib/gcc/avr/4.9.2/../../../avr/lib/avr35/crtatmega16u2.o
__itoa                                            /usr/lib/gcc/avr/4.9.2/../../../avr/lib/avr35/libc.a(itoa.o)
__itoa_ncheck                                     /usr/lib/gcc/avr/4.9.2/../../../avr/lib/avr35/libc.a(itoa_ncheck.o)
                                                  /usr/lib/gcc/avr/4.9.2/../../../avr/lib/avr35/libc.a(itoa.o)
__mulhi3                                          /usr/lib/gcc/avr/4.9.2/avr35/libgcc.a(_mulhi3.o)
                                                  obj/HIDParser.o
                                                  obj/UTR.o
__mulsf3                                          /usr/lib/gcc/avr/4.9.2/../../../avr/lib/avr35/libm.a(mulsf3.o)
                                                  obj/UTR.o
__mulsf3_pse                                      /usr/lib/gcc/avr/4.9.2/../../../avr/lib/avr35/libm.a(mulsf3x.o)
__mulsf3x                                         /usr/lib/gcc/avr/4.9.2/../../../avr/lib/avr35/libm.a(mulsf3x.o)
                                                  /usr/lib/gcc/avr/4.9.2/../../../avr/lib/avr35/libm.a(mulsf3.o)
__stack                                           /usr/lib/gcc/avr/4.9.2/../../../avr/lib/avr35/crtatmega16u2.o
__strlen_P                                        /usr/lib/gcc/avr/4.9.2/../../../avr/lib/avr35/libc.a(strlen_P.o)
                                                  obj/CDCClassDevice.o
__subsf3                                          /usr/lib/gcc/avr/4.9.2/../../../avr/lib/avr35/libm.a(addsf3.o)
                                                  obj/UTR.o
__utoa_common                                     /usr/lib/gcc/avr/4.9.2/../../../avr/lib/avr35/libc.a(utoa_ncheck.o)
                                                  /usr/lib/gcc/avr/4.9.2/../../../avr/lib/avr35/libc.a(itoa_ncheck.o)
__utoa_ncheck                                     /usr/lib/gcc/avr/4.9.2/../../../avr/lib/avr35/libc.a(utoa_ncheck.o)
__vector_1                                        /usr/lib/gcc/avr/4.9.2/../../../avr/lib/avr35/crtatmega16u2.o
__vector_10                                       /usr/lib/gcc/avr/4.9.2/../../../avr/lib/avr35/crtatmega16u2.o
__vector_11                                       obj/USBInterrupt_AVR8.o
                                                  /usr/lib/gcc/avr/4.9.2/../../../avr/lib/avr35/crtatmega16u2.o
__vector_12                                       obj/USBInterrupt_AVR8.o
                                                  /usr/lib/gcc/avr/4.9.2/../../../avr/lib/avr35/crtatmega16u2.o
__vector_13                                       /usr/lib/gcc/avr/4.9.2/../../../avr/lib/avr35/crtatmega16u2.o
__vector_14                                       /usr/lib/gcc/avr/4.9.2/../../../avr/lib/avr35/crtatmega16u2.o
__vector_15                                       /usr/lib/gcc/avr/4.9.2/../../../avr/lib/avr35/crtatmega16u2.o
__vector_16                                       /usr/lib/gcc/avr/4.9.2/../../../avr/lib/avr35/crtatmega16u2.o
__vector_17                                       /usr/lib/gcc/avr/4.9.2/../../../avr/lib/avr35/crtatmega16u2.o
__vector_18                                       /usr/lib/gcc/avr/4.9.2/../../../avr/lib/avr35/crtatmega16u2.o
__vector_19                                       /usr/lib/gcc/avr/4.9.2/../../../avr/lib/avr35/crtatmega16u2.o
__vector_2                                        /usr/lib/gcc/avr/4.9.2/../../../avr/lib/avr35/crtatmega16u2.o
__vector_20                                       /usr/lib/gcc/avr/4.9.2/../../../avr/lib/avr35/crtatmega16u2.o
__vector_21                                       /usr/lib/gcc/avr/4.9.2/../../../avr/lib/avr35/crtatmega16u2.o
__vector_22                                       /usr/lib/gcc/avr/4.9.2/../../../avr/lib/avr35/crtatmega16u2.o
__vector_23                                       obj/UTR.o
                                                  /usr/lib/gcc/avr/4.9.2/../../../avr/lib/avr35/crtatmega16u2.o
__vector_24                                       /usr/lib/gcc/avr/4.9.2/../../../avr/lib/avr35/crtatmega16u2.o
__vector_25                                       /usr/lib/gcc/avr/4.9.2/../../../avr/lib/avr35/crtatmega16u2.o
__vector_26                                       /usr/lib/gcc/avr/4.9.2/../../../avr/lib/avr35/crtatmega16u2.o
__vector_27                                       /usr/lib/gcc/avr/4.9.2/../../../avr/lib/avr35/crtatmega16u2.o
__vector_28                                       /usr/lib/gcc/avr/4.9.2/../../../avr/lib/avr35/crtatmega16u2.o
__vector_3                                        /usr/lib/gcc/avr/4.9.2/../../../avr/lib/avr35/crtatmega16u2.o
__vector_4                                        /usr/lib/gcc/avr/4.9.2/../../../avr/lib/avr35/crtatmega16u2.o
__vector_5                                        /usr/lib/gcc/avr/4.9.2/../../../avr/lib/avr35/crtatmega16u2.o
__vector_6                                        /usr/lib/gcc/avr/4.9.2/../../../avr/lib/avr35/crtatmega16u2.o
__vector_7                                        /usr/lib/gcc/avr/4.9.2/../../../avr/lib/avr35/crtatmega16u2.o
__vector_8                                        /usr/lib/gcc/avr/4.9.2/../../../avr/lib/avr35/crtatmega16u2.o
__vector_9                                        /usr/lib/gcc/avr/4.9.2/../../../avr/lib/avr35/crtatmega16u2.o
__vector_default                                  /usr/lib/gcc/avr/4.9.2/../../../avr/lib/avr35/crtatmega16u2.o
__vectors                                         /usr/lib/gcc/avr/4.9.2/../../../avr/lib/avr35/crtatmega16u2.o
_exit                                             /usr/lib/gcc/avr/4.9.2/avr35/libgcc.a(_exit.o)
delay_ms                                          obj/UTR.o
delay_us                                          obj/UTR.o
disable_RX_int                                    obj/UTR.o
eeprom_read_byte                                  /usr/lib/gcc/avr/4.9.2/../../../avr/lib/avr35/libatmega16u2.a(eerd_byte.o)
                                                  obj/EndpointStream_AVR8.o
eeprom_update_byte                                /usr/lib/gcc/avr/4.9.2/../../../avr/lib/avr35/libatmega16u2.a(eeupd_byte.o)
                                                  obj/EndpointStream_AVR8.o
eeprom_update_r18                                 /usr/lib/gcc/avr/4.9.2/../../../avr/lib/avr35/libatmega16u2.a(eeupd_byte.o)
enable_RX_int                                     obj/UTR.o
exit                                              /usr/lib/gcc/avr/4.9.2/avr35/libgcc.a(_exit.o)
                                                  /usr/lib/gcc/avr/4.9.2/../../../avr/lib/avr35/crtatmega16u2.o
fputc                                             /usr/lib/gcc/avr/4.9.2/../../../avr/lib/avr35/libc.a(fputc.o)
                                                  obj/UTR.o
fputs                                             /usr/lib/gcc/avr/4.9.2/../../../avr/lib/avr35/libc.a(fputs.o)
                                                  obj/UTR.o
gpsBuffer                                         obj/UTR.o
gpsBufferIndex                                    obj/UTR.o
gpsParseData                                      obj/UTR.o
gpsSM                                             obj/UTR.o
itoa                                              /usr/lib/gcc/avr/4.9.2/../../../avr/lib/avr35/libc.a(itoa.o)
                                                  obj/UTR.o
lufaPrintInt                                      obj/UTR.o
main                                              obj/UTR.o
                                                  /usr/lib/gcc/avr/4.9.2/../../../avr/lib/avr35/crtatmega16u2.o
memcmp                                            /usr/lib/gcc/avr/4.9.2/../../../avr/lib/avr35/libc.a(memcmp.o)
                                                  obj/HIDClassDevice.o
memcpy                                            /usr/lib/gcc/avr/4.9.2/../../../avr/lib/avr35/libc.a(memcpy.o)
                                                  obj/RNDISClassDevice.o
                                                  obj/HIDClassDevice.o
memcpy_P                                          /usr/lib/gcc/avr/4.9.2/../../../avr/lib/avr35/libc.a(memcpy_P.o)
                                                  obj/RNDISClassDevice.o
memset                                            /usr/lib/gcc/avr/4.9.2/../../../avr/lib/avr35/libc.a(memset.o)
                                                  obj/HIDClassDevice.o
strrev                                            /usr/lib/gcc/avr/4.9.2/../../../avr/lib/avr35/libc.a(strrev.o)
                                                  /usr/lib/gcc/avr/4.9.2/../../../avr/lib/avr35/libc.a(utoa_ncheck.o)
transferData                                      obj/UTR.o
uart1_getchar                                     obj/UTR.o
uart1_init                                        obj/UTR.o
uart1_putchar                                     obj/UTR.o
uart1_putint                                      obj/UTR.o
